Archive member included to satisfy reference by file (symbol)

/Applications/STM32CubeIDE.app/Contents/Eclipse/plugins/com.st.stm32cube.ide.mcu.externaltools.gnu-tools-for-stm32.10.3-2021.10.macos64_1.0.0.202111181127/tools/bin/../lib/gcc/arm-none-eabi/10.3.1/../../../../arm-none-eabi/lib/thumb/v7e-m+fp/hard/libc_nano.a(lib_a-errno.o)
                              ./Core/Src/syscalls.o (__errno)
/Applications/STM32CubeIDE.app/Contents/Eclipse/plugins/com.st.stm32cube.ide.mcu.externaltools.gnu-tools-for-stm32.10.3-2021.10.macos64_1.0.0.202111181127/tools/bin/../lib/gcc/arm-none-eabi/10.3.1/../../../../arm-none-eabi/lib/thumb/v7e-m+fp/hard/libc_nano.a(lib_a-exit.o)
                              /Applications/STM32CubeIDE.app/Contents/Eclipse/plugins/com.st.stm32cube.ide.mcu.externaltools.gnu-tools-for-stm32.10.3-2021.10.macos64_1.0.0.202111181127/tools/bin/../lib/gcc/arm-none-eabi/10.3.1/../../../../arm-none-eabi/lib/thumb/v7e-m+fp/hard/crt0.o (exit)
/Applications/STM32CubeIDE.app/Contents/Eclipse/plugins/com.st.stm32cube.ide.mcu.externaltools.gnu-tools-for-stm32.10.3-2021.10.macos64_1.0.0.202111181127/tools/bin/../lib/gcc/arm-none-eabi/10.3.1/../../../../arm-none-eabi/lib/thumb/v7e-m+fp/hard/libc_nano.a(lib_a-impure.o)
                              /Applications/STM32CubeIDE.app/Contents/Eclipse/plugins/com.st.stm32cube.ide.mcu.externaltools.gnu-tools-for-stm32.10.3-2021.10.macos64_1.0.0.202111181127/tools/bin/../lib/gcc/arm-none-eabi/10.3.1/../../../../arm-none-eabi/lib/thumb/v7e-m+fp/hard/libc_nano.a(lib_a-exit.o) (_global_impure_ptr)
/Applications/STM32CubeIDE.app/Contents/Eclipse/plugins/com.st.stm32cube.ide.mcu.externaltools.gnu-tools-for-stm32.10.3-2021.10.macos64_1.0.0.202111181127/tools/bin/../lib/gcc/arm-none-eabi/10.3.1/../../../../arm-none-eabi/lib/thumb/v7e-m+fp/hard/libc_nano.a(lib_a-init.o)
                              /Applications/STM32CubeIDE.app/Contents/Eclipse/plugins/com.st.stm32cube.ide.mcu.externaltools.gnu-tools-for-stm32.10.3-2021.10.macos64_1.0.0.202111181127/tools/bin/../lib/gcc/arm-none-eabi/10.3.1/../../../../arm-none-eabi/lib/thumb/v7e-m+fp/hard/crt0.o (__libc_init_array)
/Applications/STM32CubeIDE.app/Contents/Eclipse/plugins/com.st.stm32cube.ide.mcu.externaltools.gnu-tools-for-stm32.10.3-2021.10.macos64_1.0.0.202111181127/tools/bin/../lib/gcc/arm-none-eabi/10.3.1/../../../../arm-none-eabi/lib/thumb/v7e-m+fp/hard/libc_nano.a(lib_a-malloc.o)
                              ./Middlewares/ST/STM32_USB_Host_Library/Class/CDC/Src/usbh_cdc.o (malloc)
/Applications/STM32CubeIDE.app/Contents/Eclipse/plugins/com.st.stm32cube.ide.mcu.externaltools.gnu-tools-for-stm32.10.3-2021.10.macos64_1.0.0.202111181127/tools/bin/../lib/gcc/arm-none-eabi/10.3.1/../../../../arm-none-eabi/lib/thumb/v7e-m+fp/hard/libc_nano.a(lib_a-memset.o)
                              /Applications/STM32CubeIDE.app/Contents/Eclipse/plugins/com.st.stm32cube.ide.mcu.externaltools.gnu-tools-for-stm32.10.3-2021.10.macos64_1.0.0.202111181127/tools/bin/../lib/gcc/arm-none-eabi/10.3.1/../../../../arm-none-eabi/lib/thumb/v7e-m+fp/hard/crt0.o (memset)
/Applications/STM32CubeIDE.app/Contents/Eclipse/plugins/com.st.stm32cube.ide.mcu.externaltools.gnu-tools-for-stm32.10.3-2021.10.macos64_1.0.0.202111181127/tools/bin/../lib/gcc/arm-none-eabi/10.3.1/../../../../arm-none-eabi/lib/thumb/v7e-m+fp/hard/libc_nano.a(lib_a-nano-freer.o)
                              /Applications/STM32CubeIDE.app/Contents/Eclipse/plugins/com.st.stm32cube.ide.mcu.externaltools.gnu-tools-for-stm32.10.3-2021.10.macos64_1.0.0.202111181127/tools/bin/../lib/gcc/arm-none-eabi/10.3.1/../../../../arm-none-eabi/lib/thumb/v7e-m+fp/hard/libc_nano.a(lib_a-malloc.o) (_free_r)
/Applications/STM32CubeIDE.app/Contents/Eclipse/plugins/com.st.stm32cube.ide.mcu.externaltools.gnu-tools-for-stm32.10.3-2021.10.macos64_1.0.0.202111181127/tools/bin/../lib/gcc/arm-none-eabi/10.3.1/../../../../arm-none-eabi/lib/thumb/v7e-m+fp/hard/libc_nano.a(lib_a-nano-mallocr.o)
                              /Applications/STM32CubeIDE.app/Contents/Eclipse/plugins/com.st.stm32cube.ide.mcu.externaltools.gnu-tools-for-stm32.10.3-2021.10.macos64_1.0.0.202111181127/tools/bin/../lib/gcc/arm-none-eabi/10.3.1/../../../../arm-none-eabi/lib/thumb/v7e-m+fp/hard/libc_nano.a(lib_a-malloc.o) (_malloc_r)
/Applications/STM32CubeIDE.app/Contents/Eclipse/plugins/com.st.stm32cube.ide.mcu.externaltools.gnu-tools-for-stm32.10.3-2021.10.macos64_1.0.0.202111181127/tools/bin/../lib/gcc/arm-none-eabi/10.3.1/../../../../arm-none-eabi/lib/thumb/v7e-m+fp/hard/libc_nano.a(lib_a-sbrkr.o)
                              /Applications/STM32CubeIDE.app/Contents/Eclipse/plugins/com.st.stm32cube.ide.mcu.externaltools.gnu-tools-for-stm32.10.3-2021.10.macos64_1.0.0.202111181127/tools/bin/../lib/gcc/arm-none-eabi/10.3.1/../../../../arm-none-eabi/lib/thumb/v7e-m+fp/hard/libc_nano.a(lib_a-nano-mallocr.o) (_sbrk_r)
[...]
Memory Configuration

Name             Origin             Length             Attributes
RAM              0x0000000020000000 0x0000000000020000 xrw
FLASH            0x0000000008000000 0x0000000000080000 xr
*default*        0x0000000000000000 0xffffffffffffffff

Linker script and memory map

LOAD /Applications/STM32CubeIDE.app/Contents/Eclipse/plugins/com.st.stm32cube.ide.mcu.externaltools.gnu-tools-for-stm32.10.3-2021.10.macos64_1.0.0.202111181127/tools/bin/../lib/gcc/arm-none-eabi/10.3.1/thumb/v7e-m+fp/hard/crti.o
LOAD /Applications/STM32CubeIDE.app/Contents/Eclipse/plugins/com.st.stm32cube.ide.mcu.externaltools.gnu-tools-for-stm32.10.3-2021.10.macos64_1.0.0.202111181127/tools/bin/../lib/gcc/arm-none-eabi/10.3.1/thumb/v7e-m+fp/hard/crtbegin.o
LOAD /Applications/STM32CubeIDE.app/Contents/Eclipse/plugins/com.st.stm32cube.ide.mcu.externaltools.gnu-tools-for-stm32.10.3-2021.10.macos64_1.0.0.202111181127/tools/bin/../lib/gcc/arm-none-eabi/10.3.1/../../../../arm-none-eabi/lib/thumb/v7e-m+fp/hard/crt0.o
LOAD ./Core/Src/gpio.o
LOAD ./Core/Src/i2c.o
LOAD ./Core/Src/i2s.o
LOAD ./Core/Src/main.o
LOAD ./Core/Src/spi.o
LOAD ./Core/Src/stm32f4xx_hal_msp.o
LOAD ./Core/Src/stm32f4xx_it.o
LOAD ./Core/Src/syscalls.o
LOAD ./Core/Src/sysmem.o
LOAD ./Core/Src/system_stm32f4xx.o
LOAD ./Core/Startup/startup_stm32f411vetx.o
LOAD ./Drivers/STM32F4xx_HAL_Driver/Src/stm32f4xx_hal.o
LOAD ./Drivers/STM32F4xx_HAL_Driver/Src/stm32f4xx_hal_cortex.o
LOAD ./Drivers/STM32F4xx_HAL_Driver/Src/stm32f4xx_hal_dma.o
LOAD ./Drivers/STM32F4xx_HAL_Driver/Src/stm32f4xx_hal_dma_ex.o
LOAD ./Drivers/STM32F4xx_HAL_Driver/Src/stm32f4xx_hal_exti.o
LOAD ./Drivers/STM32F4xx_HAL_Driver/Src/stm32f4xx_hal_flash.o
LOAD ./Drivers/STM32F4xx_HAL_Driver/Src/stm32f4xx_hal_flash_ex.o
LOAD ./Drivers/STM32F4xx_HAL_Driver/Src/stm32f4xx_hal_flash_ramfunc.o
LOAD ./Drivers/STM32F4xx_HAL_Driver/Src/stm32f4xx_hal_gpio.o
LOAD ./Drivers/STM32F4xx_HAL_Driver/Src/stm32f4xx_hal_hcd.o
LOAD ./Drivers/STM32F4xx_HAL_Driver/Src/stm32f4xx_hal_i2c.o
LOAD ./Drivers/STM32F4xx_HAL_Driver/Src/stm32f4xx_hal_i2c_ex.o
LOAD ./Drivers/STM32F4xx_HAL_Driver/Src/stm32f4xx_hal_i2s.o
LOAD ./Drivers/STM32F4xx_HAL_Driver/Src/stm32f4xx_hal_i2s_ex.o
LOAD ./Drivers/STM32F4xx_HAL_Driver/Src/stm32f4xx_hal_pwr.o
LOAD ./Drivers/STM32F4xx_HAL_Driver/Src/stm32f4xx_hal_pwr_ex.o
LOAD ./Drivers/STM32F4xx_HAL_Driver/Src/stm32f4xx_hal_rcc.o
LOAD ./Drivers/STM32F4xx_HAL_Driver/Src/stm32f4xx_hal_rcc_ex.o
LOAD ./Drivers/STM32F4xx_HAL_Driver/Src/stm32f4xx_hal_spi.o
LOAD ./Drivers/STM32F4xx_HAL_Driver/Src/stm32f4xx_hal_tim.o
LOAD ./Drivers/STM32F4xx_HAL_Driver/Src/stm32f4xx_hal_tim_ex.o
LOAD ./Drivers/STM32F4xx_HAL_Driver/Src/stm32f4xx_ll_usb.o
LOAD ./Middlewares/ST/STM32_USB_Host_Library/Class/CDC/Src/usbh_cdc.o
LOAD ./Middlewares/ST/STM32_USB_Host_Library/Core/Src/usbh_core.o
LOAD ./Middlewares/ST/STM32_USB_Host_Library/Core/Src/usbh_ctlreq.o
LOAD ./Middlewares/ST/STM32_USB_Host_Library/Core/Src/usbh_ioreq.o
LOAD ./Middlewares/ST/STM32_USB_Host_Library/Core/Src/usbh_pipes.o
LOAD ./USB_HOST/App/usb_host.o
LOAD ./USB_HOST/Target/usbh_conf.o
LOAD ./USB_HOST/Target/usbh_platform.o
START GROUP
LOAD /Applications/STM32CubeIDE.app/Contents/Eclipse/plugins/com.st.stm32cube.ide.mcu.externaltools.gnu-tools-for-stm32.10.3-2021.10.macos64_1.0.0.202111181127/tools/bin/../lib/gcc/arm-none-eabi/10.3.1/../../../../arm-none-eabi/lib/thumb/v7e-m+fp/hard/libc_nano.a
LOAD /Applications/STM32CubeIDE.app/Contents/Eclipse/plugins/com.st.stm32cube.ide.mcu.externaltools.gnu-tools-for-stm32.10.3-2021.10.macos64_1.0.0.202111181127/tools/bin/../lib/gcc/arm-none-eabi/10.3.1/../../../../arm-none-eabi/lib/thumb/v7e-m+fp/hard/libm.a
END GROUP
START GROUP
LOAD /Applications/STM32CubeIDE.app/Contents/Eclipse/plugins/com.st.stm32cube.ide.mcu.externaltools.gnu-tools-for-stm32.10.3-2021.10.macos64_1.0.0.202111181127/tools/bin/../lib/gcc/arm-none-eabi/10.3.1/thumb/v7e-m+fp/hard/libgcc.a
LOAD /Applications/STM32CubeIDE.app/Contents/Eclipse/plugins/com.st.stm32cube.ide.mcu.externaltools.gnu-tools-for-stm32.10.3-2021.10.macos64_1.0.0.202111181127/tools/bin/../lib/gcc/arm-none-eabi/10.3.1/../../../../arm-none-eabi/lib/thumb/v7e-m+fp/hard/libc_nano.a
END GROUP
START GROUP
LOAD /Applications/STM32CubeIDE.app/Contents/Eclipse/plugins/com.st.stm32cube.ide.mcu.externaltools.gnu-tools-for-stm32.10.3-2021.10.macos64_1.0.0.202111181127/tools/bin/../lib/gcc/arm-none-eabi/10.3.1/thumb/v7e-m+fp/hard/libgcc.a
LOAD /Applications/STM32CubeIDE.app/Contents/Eclipse/plugins/com.st.stm32cube.ide.mcu.externaltools.gnu-tools-for-stm32.10.3-2021.10.macos64_1.0.0.202111181127/tools/bin/../lib/gcc/arm-none-eabi/10.3.1/../../../../arm-none-eabi/lib/thumb/v7e-m+fp/hard/libc_nano.a
LOAD /Applications/STM32CubeIDE.app/Contents/Eclipse/plugins/com.st.stm32cube.ide.mcu.externaltools.gnu-tools-for-stm32.10.3-2021.10.macos64_1.0.0.202111181127/tools/bin/../lib/gcc/arm-none-eabi/10.3.1/../../../../arm-none-eabi/lib/thumb/v7e-m+fp/hard/libnosys.a
END GROUP
START GROUP
LOAD /Applications/STM32CubeIDE.app/Contents/Eclipse/plugins/com.st.stm32cube.ide.mcu.externaltools.gnu-tools-for-stm32.10.3-2021.10.macos64_1.0.0.202111181127/tools/bin/../lib/gcc/arm-none-eabi/10.3.1/thumb/v7e-m+fp/hard/libgcc.a
LOAD /Applications/STM32CubeIDE.app/Contents/Eclipse/plugins/com.st.stm32cube.ide.mcu.externaltools.gnu-tools-for-stm32.10.3-2021.10.macos64_1.0.0.202111181127/tools/bin/../lib/gcc/arm-none-eabi/10.3.1/../../../../arm-none-eabi/lib/thumb/v7e-m+fp/hard/libc_nano.a
LOAD /Applications/STM32CubeIDE.app/Contents/Eclipse/plugins/com.st.stm32cube.ide.mcu.externaltools.gnu-tools-for-stm32.10.3-2021.10.macos64_1.0.0.202111181127/tools/bin/../lib/gcc/arm-none-eabi/10.3.1/../../../../arm-none-eabi/lib/thumb/v7e-m+fp/hard/libnosys.a
END GROUP
LOAD /Applications/STM32CubeIDE.app/Contents/Eclipse/plugins/com.st.stm32cube.ide.mcu.externaltools.gnu-tools-for-stm32.10.3-2021.10.macos64_1.0.0.202111181127/tools/bin/../lib/gcc/arm-none-eabi/10.3.1/thumb/v7e-m+fp/hard/crtend.o
LOAD /Applications/STM32CubeIDE.app/Contents/Eclipse/plugins/com.st.stm32cube.ide.mcu.externaltools.gnu-tools-for-stm32.10.3-2021.10.macos64_1.0.0.202111181127/tools/bin/../lib/gcc/arm-none-eabi/10.3.1/thumb/v7e-m+fp/hard/crtn.o
                0x0000000020020000                _estack = (ORIGIN (RAM) + LENGTH (RAM))
                0x0000000000000200                _Min_Heap_Size = 0x200
                0x0000000000000400                _Min_Stack_Size = 0x400

.isr_vector     0x0000000008000000      0x198
                0x0000000008000000                . = ALIGN (0x4)
 *(.isr_vector)
 .isr_vector    0x0000000008000000      0x198 ./Core/Startup/startup_stm32f411vetx.o
                0x0000000008000000                g_pfnVectors
                0x0000000008000198                . = ALIGN (0x4)

.text           0x0000000008000198     0x7c28
                0x0000000008000198                . = ALIGN (0x4)
 *(.text)
 .text          0x0000000008000198       0x40 /Applications/STM32CubeIDE.app/Contents/Eclipse/plugins/com.st.stm32cube.ide.mcu.externaltools.gnu-tools-for-stm32.10.3-2021.10.macos64_1.0.0.202111181127/tools/bin/../lib/gcc/arm-none-eabi/10.3.1/thumb/v7e-m+fp/hard/crtbegin.o
 .text          0x00000000080001d8       0x30 /Applications/STM32CubeIDE.app/Contents/Eclipse/plugins/com.st.stm32cube.ide.mcu.externaltools.gnu-tools-for-stm32.10.3-2021.10.macos64_1.0.0.202111181127/tools/bin/../lib/gcc/arm-none-eabi/10.3.1/thumb/v7e-m+fp/hard/libgcc.a(_aeabi_uldivmod.o)
                0x00000000080001d8                __aeabi_uldivmod
 .text          0x0000000008000208      0x2d0 /Applications/STM32CubeIDE.app/Contents/Eclipse/plugins/com.st.stm32cube.ide.mcu.externaltools.gnu-tools-for-stm32.10.3-2021.10.macos64_1.0.0.202111181127/tools/bin/../lib/gcc/arm-none-eabi/10.3.1/thumb/v7e-m+fp/hard/libgcc.a(_udivmoddi4.o)
                0x0000000008000208                __udivmoddi4
 .text          0x00000000080004d8        0x4 /Applications/STM32CubeIDE.app/Contents/Eclipse/plugins/com.st.stm32cube.ide.mcu.externaltools.gnu-tools-for-stm32.10.3-2021.10.macos64_1.0.0.202111181127/tools/bin/../lib/gcc/arm-none-eabi/10.3.1/thumb/v7e-m+fp/hard/libgcc.a(_dvmd_tls.o)
                0x00000000080004d8                __aeabi_ldiv0
                0x00000000080004d8                __aeabi_idiv0
 *(.text*)
 .text.MX_GPIO_Init
                0x00000000080004dc      0x1b4 ./Core/Src/gpio.o
                0x00000000080004dc                MX_GPIO_Init
 .text.MX_I2C1_Init
                0x0000000008000690       0x5c ./Core/Src/i2c.o
                0x0000000008000690                MX_I2C1_Init
 .text.HAL_I2C_MspInit
                0x00000000080006ec       0x90 ./Core/Src/i2c.o
                0x00000000080006ec                HAL_I2C_MspInit
 .text.MX_I2S2_Init
                0x000000000800077c       0x5c ./Core/Src/i2s.o
                0x000000000800077c                MX_I2S2_Init
 .text.MX_I2S3_Init
                0x00000000080007d8       0x60 ./Core/Src/i2s.o
                0x00000000080007d8                MX_I2S3_Init
 .text.HAL_I2S_MspInit
                0x0000000008000838      0x19c ./Core/Src/i2s.o
                0x0000000008000838                HAL_I2S_MspInit
 .text.main     0x00000000080009d4       0xc8 ./Core/Src/main.o
                0x00000000080009d4                main
 .text.SystemClock_Config
                0x0000000008000a9c       0xd0 ./Core/Src/main.o
                0x0000000008000a9c                SystemClock_Config
 .text.PeriphCommonClock_Config
                0x0000000008000b6c       0x40 ./Core/Src/main.o
                0x0000000008000b6c                PeriphCommonClock_Config
 .text.Error_Handler
                0x0000000008000bac        0xa ./Core/Src/main.o
                0x0000000008000bac                Error_Handler
 *fill*         0x0000000008000bb6        0x2 
 .text.MX_SPI1_Init
                0x0000000008000bb8       0x6c ./Core/Src/spi.o
                0x0000000008000bb8                MX_SPI1_Init
 .text.HAL_SPI_MspInit
                0x0000000008000c24       0x90 ./Core/Src/spi.o
                0x0000000008000c24                HAL_SPI_MspInit
 .text.HAL_MspInit
                0x0000000008000cb4       0x50 ./Core/Src/stm32f4xx_hal_msp.o
                0x0000000008000cb4                HAL_MspInit
 .text.NMI_Handler
                0x0000000008000d04        0x6 ./Core/Src/stm32f4xx_it.o
                0x0000000008000d04                NMI_Handler
 .text.HardFault_Handler
                0x0000000008000d0a        0x6 ./Core/Src/stm32f4xx_it.o
                0x0000000008000d0a                HardFault_Handler
 .text.MemManage_Handler
                0x0000000008000d10        0x6 ./Core/Src/stm32f4xx_it.o
                0x0000000008000d10                MemManage_Handler
 .text.BusFault_Handler
                0x0000000008000d16        0x6 ./Core/Src/stm32f4xx_it.o
                0x0000000008000d16                BusFault_Handler
 .text.UsageFault_Handler
                0x0000000008000d1c        0x6 ./Core/Src/stm32f4xx_it.o
                0x0000000008000d1c                UsageFault_Handler
 .text.SVC_Handler
                0x0000000008000d22        0xe ./Core/Src/stm32f4xx_it.o
                0x0000000008000d22                SVC_Handler
 .text.DebugMon_Handler
                0x0000000008000d30        0xe ./Core/Src/stm32f4xx_it.o
                0x0000000008000d30                DebugMon_Handler
 .text.PendSV_Handler
                0x0000000008000d3e        0xe ./Core/Src/stm32f4xx_it.o
                0x0000000008000d3e                PendSV_Handler
 .text.SysTick_Handler
                0x0000000008000d4c        0xc ./Core/Src/stm32f4xx_it.o
                0x0000000008000d4c                SysTick_Handler
 .text.OTG_FS_IRQHandler
                0x0000000008000d58       0x14 ./Core/Src/stm32f4xx_it.o
                0x0000000008000d58                OTG_FS_IRQHandler
 .text._sbrk    0x0000000008000d6c       0x6c ./Core/Src/sysmem.o
                0x0000000008000d6c                _sbrk
 .text.SystemInit
                0x0000000008000dd8       0x24 ./Core/Src/system_stm32f4xx.o
                0x0000000008000dd8                SystemInit
 .text.Reset_Handler
                0x0000000008000dfc       0x50 ./Core/Startup/startup_stm32f411vetx.o
                0x0000000008000dfc                Reset_Handler
 .text.Default_Handler
                0x0000000008000e4c        0x2 ./Core/Startup/startup_stm32f411vetx.o
                0x0000000008000e4c                DMA1_Stream3_IRQHandler
                0x0000000008000e4c                EXTI2_IRQHandler
                0x0000000008000e4c                SPI4_IRQHandler
                0x0000000008000e4c                TIM1_CC_IRQHandler
                0x0000000008000e4c                DMA2_Stream5_IRQHandler
                0x0000000008000e4c                DMA1_Stream5_IRQHandler
                0x0000000008000e4c                PVD_IRQHandler
                0x0000000008000e4c                SDIO_IRQHandler
                0x0000000008000e4c                TAMP_STAMP_IRQHandler
                0x0000000008000e4c                EXTI3_IRQHandler
                0x0000000008000e4c                TIM1_UP_TIM10_IRQHandler
                0x0000000008000e4c                I2C3_ER_IRQHandler
                0x0000000008000e4c                EXTI0_IRQHandler
                0x0000000008000e4c                I2C2_EV_IRQHandler
                0x0000000008000e4c                DMA1_Stream2_IRQHandler
                0x0000000008000e4c                FPU_IRQHandler
                0x0000000008000e4c                DMA2_Stream2_IRQHandler
                0x0000000008000e4c                SPI1_IRQHandler
                0x0000000008000e4c                TIM1_BRK_TIM9_IRQHandler
                0x0000000008000e4c                DMA2_Stream3_IRQHandler
                0x0000000008000e4c                USART6_IRQHandler
                0x0000000008000e4c                DMA2_Stream0_IRQHandler
                0x0000000008000e4c                TIM4_IRQHandler
                0x0000000008000e4c                I2C1_EV_IRQHandler
                0x0000000008000e4c                DMA1_Stream6_IRQHandler
                0x0000000008000e4c                DMA1_Stream1_IRQHandler
                0x0000000008000e4c                TIM3_IRQHandler
                0x0000000008000e4c                RCC_IRQHandler
                0x0000000008000e4c                Default_Handler
                0x0000000008000e4c                EXTI15_10_IRQHandler
                0x0000000008000e4c                ADC_IRQHandler
                0x0000000008000e4c                DMA1_Stream7_IRQHandler
                0x0000000008000e4c                SPI5_IRQHandler
                0x0000000008000e4c                TIM5_IRQHandler
                0x0000000008000e4c                DMA2_Stream7_IRQHandler
                0x0000000008000e4c                I2C3_EV_IRQHandler
                0x0000000008000e4c                EXTI9_5_IRQHandler
                0x0000000008000e4c                RTC_WKUP_IRQHandler
                0x0000000008000e4c                SPI2_IRQHandler
                0x0000000008000e4c                DMA1_Stream0_IRQHandler
                0x0000000008000e4c                EXTI4_IRQHandler
                0x0000000008000e4c                WWDG_IRQHandler
                0x0000000008000e4c                TIM2_IRQHandler
                0x0000000008000e4c                OTG_FS_WKUP_IRQHandler
                0x0000000008000e4c                TIM1_TRG_COM_TIM11_IRQHandler
                0x0000000008000e4c                EXTI1_IRQHandler
                0x0000000008000e4c                USART2_IRQHandler
                0x0000000008000e4c                I2C2_ER_IRQHandler
                0x0000000008000e4c                DMA2_Stream1_IRQHandler
                0x0000000008000e4c                FLASH_IRQHandler
                0x0000000008000e4c                DMA2_Stream4_IRQHandler
                0x0000000008000e4c                USART1_IRQHandler
                0x0000000008000e4c                SPI3_IRQHandler
                0x0000000008000e4c                DMA1_Stream4_IRQHandler
                0x0000000008000e4c                I2C1_ER_IRQHandler
                0x0000000008000e4c                DMA2_Stream6_IRQHandler
                0x0000000008000e4c                RTC_Alarm_IRQHandler
 *fill*         0x0000000008000e4e        0x2 
 .text.HAL_Init
                0x0000000008000e50       0x44 ./Drivers/STM32F4xx_HAL_Driver/Src/stm32f4xx_hal.o
                0x0000000008000e50                HAL_Init
 .text.HAL_InitTick
                0x0000000008000e94       0x60 ./Drivers/STM32F4xx_HAL_Driver/Src/stm32f4xx_hal.o
                0x0000000008000e94                HAL_InitTick
 .text.HAL_IncTick
                0x0000000008000ef4       0x28 ./Drivers/STM32F4xx_HAL_Driver/Src/stm32f4xx_hal.o
                0x0000000008000ef4                HAL_IncTick
 .text.HAL_GetTick
                0x0000000008000f1c       0x18 ./Drivers/STM32F4xx_HAL_Driver/Src/stm32f4xx_hal.o
                0x0000000008000f1c                HAL_GetTick
 .text.HAL_Delay
                0x0000000008000f34       0x48 ./Drivers/STM32F4xx_HAL_Driver/Src/stm32f4xx_hal.o
                0x0000000008000f34                HAL_Delay
 .text.__NVIC_SetPriorityGrouping
                0x0000000008000f7c       0x48 ./Drivers/STM32F4xx_HAL_Driver/Src/stm32f4xx_hal_cortex.o
 .text.__NVIC_GetPriorityGrouping
                0x0000000008000fc4       0x1c ./Drivers/STM32F4xx_HAL_Driver/Src/stm32f4xx_hal_cortex.o
 .text.__NVIC_EnableIRQ
                0x0000000008000fe0       0x3c ./Drivers/STM32F4xx_HAL_Driver/Src/stm32f4xx_hal_cortex.o
 .text.__NVIC_SetPriority
                0x000000000800101c       0x54 ./Drivers/STM32F4xx_HAL_Driver/Src/stm32f4xx_hal_cortex.o
 .text.NVIC_EncodePriority
                0x0000000008001070       0x66 ./Drivers/STM32F4xx_HAL_Driver/Src/stm32f4xx_hal_cortex.o
 *fill*         0x00000000080010d6        0x2 
 .text.SysTick_Config
                0x00000000080010d8       0x44 ./Drivers/STM32F4xx_HAL_Driver/Src/stm32f4xx_hal_cortex.o
 .text.HAL_NVIC_SetPriorityGrouping
                0x000000000800111c       0x16 ./Drivers/STM32F4xx_HAL_Driver/Src/stm32f4xx_hal_cortex.o
                0x000000000800111c                HAL_NVIC_SetPriorityGrouping
 .text.HAL_NVIC_SetPriority
                0x0000000008001132       0x38 ./Drivers/STM32F4xx_HAL_Driver/Src/stm32f4xx_hal_cortex.o
                0x0000000008001132                HAL_NVIC_SetPriority
 .text.HAL_NVIC_EnableIRQ
                0x000000000800116a       0x1c ./Drivers/STM32F4xx_HAL_Driver/Src/stm32f4xx_hal_cortex.o
                0x000000000800116a                HAL_NVIC_EnableIRQ
 .text.HAL_SYSTICK_Config
                0x0000000008001186       0x18 ./Drivers/STM32F4xx_HAL_Driver/Src/stm32f4xx_hal_cortex.o
                0x0000000008001186                HAL_SYSTICK_Config
 *fill*         0x000000000800119e        0x2 
 .text.HAL_GPIO_Init
                0x00000000080011a0      0x308 ./Drivers/STM32F4xx_HAL_Driver/Src/stm32f4xx_hal_gpio.o
                0x00000000080011a0                HAL_GPIO_Init
 .text.HAL_GPIO_WritePin
                0x00000000080014a8       0x32 ./Drivers/STM32F4xx_HAL_Driver/Src/stm32f4xx_hal_gpio.o
                0x00000000080014a8                HAL_GPIO_WritePin
 .text.HAL_HCD_Init
                0x00000000080014da       0xc4 ./Drivers/STM32F4xx_HAL_Driver/Src/stm32f4xx_hal_hcd.o
                0x00000000080014da                HAL_HCD_Init
 .text.HAL_HCD_HC_Init
                0x000000000800159e      0x11e ./Drivers/STM32F4xx_HAL_Driver/Src/stm32f4xx_hal_hcd.o
                0x000000000800159e                HAL_HCD_HC_Init
 .text.HAL_HCD_HC_Halt
                0x00000000080016bc       0x46 ./Drivers/STM32F4xx_HAL_Driver/Src/stm32f4xx_hal_hcd.o
                0x00000000080016bc                HAL_HCD_HC_Halt
 *fill*         0x0000000008001702        0x2 
 .text.HAL_HCD_HC_SubmitRequest
                0x0000000008001704      0x2ac ./Drivers/STM32F4xx_HAL_Driver/Src/stm32f4xx_hal_hcd.o
                0x0000000008001704                HAL_HCD_HC_SubmitRequest
 .text.HAL_HCD_IRQHandler
                0x00000000080019b0      0x216 ./Drivers/STM32F4xx_HAL_Driver/Src/stm32f4xx_hal_hcd.o
                0x00000000080019b0                HAL_HCD_IRQHandler
 .text.HAL_HCD_Start
                0x0000000008001bc6       0x46 ./Drivers/STM32F4xx_HAL_Driver/Src/stm32f4xx_hal_hcd.o
                0x0000000008001bc6                HAL_HCD_Start
 .text.HAL_HCD_Stop
                0x0000000008001c0c       0x3a ./Drivers/STM32F4xx_HAL_Driver/Src/stm32f4xx_hal_hcd.o
                0x0000000008001c0c                HAL_HCD_Stop
 .text.HAL_HCD_ResetPort
                0x0000000008001c46       0x1c ./Drivers/STM32F4xx_HAL_Driver/Src/stm32f4xx_hal_hcd.o
                0x0000000008001c46                HAL_HCD_ResetPort
 .text.HAL_HCD_HC_GetURBState
                0x0000000008001c62       0x28 ./Drivers/STM32F4xx_HAL_Driver/Src/stm32f4xx_hal_hcd.o
                0x0000000008001c62                HAL_HCD_HC_GetURBState
 .text.HAL_HCD_HC_GetXferCount
                0x0000000008001c8a       0x28 ./Drivers/STM32F4xx_HAL_Driver/Src/stm32f4xx_hal_hcd.o
                0x0000000008001c8a                HAL_HCD_HC_GetXferCount
 .text.HAL_HCD_GetCurrentFrame
                0x0000000008001cb2       0x1c ./Drivers/STM32F4xx_HAL_Driver/Src/stm32f4xx_hal_hcd.o
                0x0000000008001cb2                HAL_HCD_GetCurrentFrame
 .text.HAL_HCD_GetCurrentSpeed
                0x0000000008001cce       0x1c ./Drivers/STM32F4xx_HAL_Driver/Src/stm32f4xx_hal_hcd.o
                0x0000000008001cce                HAL_HCD_GetCurrentSpeed
 .text.HCD_HC_IN_IRQHandler
                0x0000000008001cea      0x6aa ./Drivers/STM32F4xx_HAL_Driver/Src/stm32f4xx_hal_hcd.o
 .text.HCD_HC_OUT_IRQHandler
                0x0000000008002394      0x6d2 ./Drivers/STM32F4xx_HAL_Driver/Src/stm32f4xx_hal_hcd.o
 .text.HCD_RXQLVL_IRQHandler
                0x0000000008002a66      0x1a4 ./Drivers/STM32F4xx_HAL_Driver/Src/stm32f4xx_hal_hcd.o
 .text.HCD_Port_IRQHandler
                0x0000000008002c0a       0xe6 ./Drivers/STM32F4xx_HAL_Driver/Src/stm32f4xx_hal_hcd.o
 .text.HAL_I2C_Init
                0x0000000008002cf0      0x288 ./Drivers/STM32F4xx_HAL_Driver/Src/stm32f4xx_hal_i2c.o
                0x0000000008002cf0                HAL_I2C_Init
 .text.HAL_I2S_Init
                0x0000000008002f78      0x280 ./Drivers/STM32F4xx_HAL_Driver/Src/stm32f4xx_hal_i2s.o
                0x0000000008002f78                HAL_I2S_Init
 .text.HAL_I2S_TxCpltCallback
                0x00000000080031f8       0x14 ./Drivers/STM32F4xx_HAL_Driver/Src/stm32f4xx_hal_i2s.o
                0x00000000080031f8                HAL_I2S_TxCpltCallback
 .text.HAL_I2S_RxCpltCallback
                0x000000000800320c       0x14 ./Drivers/STM32F4xx_HAL_Driver/Src/stm32f4xx_hal_i2s.o
                0x000000000800320c                HAL_I2S_RxCpltCallback
 .text.HAL_I2S_ErrorCallback
                0x0000000008003220       0x14 ./Drivers/STM32F4xx_HAL_Driver/Src/stm32f4xx_hal_i2s.o
                0x0000000008003220                HAL_I2S_ErrorCallback
 .text.I2S_Transmit_IT
                0x0000000008003234       0x5c ./Drivers/STM32F4xx_HAL_Driver/Src/stm32f4xx_hal_i2s.o
 .text.I2S_Receive_IT
                0x0000000008003290       0x5e ./Drivers/STM32F4xx_HAL_Driver/Src/stm32f4xx_hal_i2s.o
 .text.I2S_IRQHandler
                0x00000000080032ee      0x114 ./Drivers/STM32F4xx_HAL_Driver/Src/stm32f4xx_hal_i2s.o
 *fill*         0x0000000008003402        0x2 
 .text.HAL_I2SEx_FullDuplex_IRQHandler
                0x0000000008003404      0x2a8 ./Drivers/STM32F4xx_HAL_Driver/Src/stm32f4xx_hal_i2s_ex.o
                0x0000000008003404                HAL_I2SEx_FullDuplex_IRQHandler
 .text.HAL_I2SEx_TxRxCpltCallback
                0x00000000080036ac       0x14 ./Drivers/STM32F4xx_HAL_Driver/Src/stm32f4xx_hal_i2s_ex.o
                0x00000000080036ac                HAL_I2SEx_TxRxCpltCallback
 .text.I2SEx_TxISR_I2S
                0x00000000080036c0       0x62 ./Drivers/STM32F4xx_HAL_Driver/Src/stm32f4xx_hal_i2s_ex.o
 *fill*         0x0000000008003722        0x2 
 .text.I2SEx_TxISR_I2SExt
                0x0000000008003724       0x98 ./Drivers/STM32F4xx_HAL_Driver/Src/stm32f4xx_hal_i2s_ex.o
 .text.I2SEx_RxISR_I2S
                0x00000000080037bc       0x64 ./Drivers/STM32F4xx_HAL_Driver/Src/stm32f4xx_hal_i2s_ex.o
 .text.I2SEx_RxISR_I2SExt
                0x0000000008003820       0x98 ./Drivers/STM32F4xx_HAL_Driver/Src/stm32f4xx_hal_i2s_ex.o
 .text.HAL_RCC_OscConfig
                0x00000000080038b8      0x4f0 ./Drivers/STM32F4xx_HAL_Driver/Src/stm32f4xx_hal_rcc.o
                0x00000000080038b8                HAL_RCC_OscConfig
 .text.HAL_RCC_ClockConfig
                0x0000000008003da8      0x1cc ./Drivers/STM32F4xx_HAL_Driver/Src/stm32f4xx_hal_rcc.o
                0x0000000008003da8                HAL_RCC_ClockConfig
 .text.HAL_RCC_GetSysClockFreq
                0x0000000008003f74      0x20c ./Drivers/STM32F4xx_HAL_Driver/Src/stm32f4xx_hal_rcc.o
                0x0000000008003f74                HAL_RCC_GetSysClockFreq
 .text.HAL_RCC_GetHCLKFreq
                0x0000000008004180       0x18 ./Drivers/STM32F4xx_HAL_Driver/Src/stm32f4xx_hal_rcc.o
                0x0000000008004180                HAL_RCC_GetHCLKFreq
 .text.HAL_RCC_GetPCLK1Freq
                0x0000000008004198       0x28 ./Drivers/STM32F4xx_HAL_Driver/Src/stm32f4xx_hal_rcc.o
                0x0000000008004198                HAL_RCC_GetPCLK1Freq
 .text.HAL_RCCEx_PeriphCLKConfig
                0x00000000080041c0      0x1e0 ./Drivers/STM32F4xx_HAL_Driver/Src/stm32f4xx_hal_rcc_ex.o
                0x00000000080041c0                HAL_RCCEx_PeriphCLKConfig
 .text.HAL_RCCEx_GetPeriphCLKFreq
                0x00000000080043a0       0xc0 ./Drivers/STM32F4xx_HAL_Driver/Src/stm32f4xx_hal_rcc_ex.o
                0x00000000080043a0                HAL_RCCEx_GetPeriphCLKFreq
 .text.HAL_SPI_Init
                0x0000000008004460      0x112 ./Drivers/STM32F4xx_HAL_Driver/Src/stm32f4xx_hal_spi.o
                0x0000000008004460                HAL_SPI_Init
 .text.USB_CoreInit
                0x0000000008004572       0xc2 ./Drivers/STM32F4xx_HAL_Driver/Src/stm32f4xx_ll_usb.o
                0x0000000008004572                USB_CoreInit
 .text.USB_EnableGlobalInt
                0x0000000008004634       0x22 ./Drivers/STM32F4xx_HAL_Driver/Src/stm32f4xx_ll_usb.o
                0x0000000008004634                USB_EnableGlobalInt
 .text.USB_DisableGlobalInt
                0x0000000008004656       0x22 ./Drivers/STM32F4xx_HAL_Driver/Src/stm32f4xx_ll_usb.o
                0x0000000008004656                USB_DisableGlobalInt
 .text.USB_SetCurrentMode
                0x0000000008004678       0x98 ./Drivers/STM32F4xx_HAL_Driver/Src/stm32f4xx_ll_usb.o
                0x0000000008004678                USB_SetCurrentMode
 .text.USB_FlushTxFifo
                0x0000000008004710       0x68 ./Drivers/STM32F4xx_HAL_Driver/Src/stm32f4xx_ll_usb.o
                0x0000000008004710                USB_FlushTxFifo
 .text.USB_FlushRxFifo
                0x0000000008004778       0x60 ./Drivers/STM32F4xx_HAL_Driver/Src/stm32f4xx_ll_usb.o
                0x0000000008004778                USB_FlushRxFifo
 .text.USB_WritePacket
                0x00000000080047d8       0x7c ./Drivers/STM32F4xx_HAL_Driver/Src/stm32f4xx_ll_usb.o
                0x00000000080047d8                USB_WritePacket
 .text.USB_ReadPacket
                0x0000000008004854       0xb0 ./Drivers/STM32F4xx_HAL_Driver/Src/stm32f4xx_ll_usb.o
                0x0000000008004854                USB_ReadPacket
 .text.USB_ReadInterrupts
                0x0000000008004904       0x26 ./Drivers/STM32F4xx_HAL_Driver/Src/stm32f4xx_ll_usb.o
                0x0000000008004904                USB_ReadInterrupts
 .text.USB_GetMode
                0x000000000800492a       0x1c ./Drivers/STM32F4xx_HAL_Driver/Src/stm32f4xx_ll_usb.o
                0x000000000800492a                USB_GetMode
 *fill*         0x0000000008004946        0x2 
 .text.USB_CoreReset
                0x0000000008004948       0x68 ./Drivers/STM32F4xx_HAL_Driver/Src/stm32f4xx_ll_usb.o
 .text.USB_HostInit
                0x00000000080049b0      0x180 ./Drivers/STM32F4xx_HAL_Driver/Src/stm32f4xx_ll_usb.o
                0x00000000080049b0                USB_HostInit
 .text.USB_InitFSLSPClkSel
                0x0000000008004b30       0x74 ./Drivers/STM32F4xx_HAL_Driver/Src/stm32f4xx_ll_usb.o
                0x0000000008004b30                USB_InitFSLSPClkSel
 .text.USB_ResetPort
                0x0000000008004ba4       0x54 ./Drivers/STM32F4xx_HAL_Driver/Src/stm32f4xx_ll_usb.o
                0x0000000008004ba4                USB_ResetPort
 .text.USB_DriveVbus
                0x0000000008004bf8       0x72 ./Drivers/STM32F4xx_HAL_Driver/Src/stm32f4xx_ll_usb.o
                0x0000000008004bf8                USB_DriveVbus
 .text.USB_GetHostSpeed
                0x0000000008004c6a       0x2e ./Drivers/STM32F4xx_HAL_Driver/Src/stm32f4xx_ll_usb.o
                0x0000000008004c6a                USB_GetHostSpeed
 .text.USB_GetCurrentFrame
                0x0000000008004c98       0x22 ./Drivers/STM32F4xx_HAL_Driver/Src/stm32f4xx_ll_usb.o
                0x0000000008004c98                USB_GetCurrentFrame
 *fill*         0x0000000008004cba        0x2 
 .text.USB_HC_Init
                0x0000000008004cbc      0x244 ./Drivers/STM32F4xx_HAL_Driver/Src/stm32f4xx_ll_usb.o
                0x0000000008004cbc                USB_HC_Init
 .text.USB_HC_StartXfer
                0x0000000008004f00      0x284 ./Drivers/STM32F4xx_HAL_Driver/Src/stm32f4xx_ll_usb.o
                0x0000000008004f00                USB_HC_StartXfer
 .text.USB_HC_ReadInterrupt
                0x0000000008005184       0x22 ./Drivers/STM32F4xx_HAL_Driver/Src/stm32f4xx_ll_usb.o
                0x0000000008005184                USB_HC_ReadInterrupt
 .text.USB_HC_Halt
                0x00000000080051a6      0x1f8 ./Drivers/STM32F4xx_HAL_Driver/Src/stm32f4xx_ll_usb.o
                0x00000000080051a6                USB_HC_Halt
 *fill*         0x000000000800539e        0x2 
 .text.USB_DoPing
                0x00000000080053a0       0x78 ./Drivers/STM32F4xx_HAL_Driver/Src/stm32f4xx_ll_usb.o
                0x00000000080053a0                USB_DoPing
 .text.USB_StopHost
                0x0000000008005418      0x124 ./Drivers/STM32F4xx_HAL_Driver/Src/stm32f4xx_ll_usb.o
                0x0000000008005418                USB_StopHost
 .text.USBH_CDC_InterfaceInit
                0x000000000800553c      0x2ac ./Middlewares/ST/STM32_USB_Host_Library/Class/CDC/Src/usbh_cdc.o
 .text.USBH_CDC_InterfaceDeInit
                0x00000000080057e8       0xb2 ./Middlewares/ST/STM32_USB_Host_Library/Class/CDC/Src/usbh_cdc.o
 .text.USBH_CDC_ClassRequest
                0x000000000800589a       0x3e ./Middlewares/ST/STM32_USB_Host_Library/Class/CDC/Src/usbh_cdc.o
 .text.USBH_CDC_Process
                0x00000000080058d8      0x12c ./Middlewares/ST/STM32_USB_Host_Library/Class/CDC/Src/usbh_cdc.o
 .text.USBH_CDC_SOFProcess
                0x0000000008005a04       0x16 ./Middlewares/ST/STM32_USB_Host_Library/Class/CDC/Src/usbh_cdc.o
 .text.GetLineCoding
                0x0000000008005a1a       0x3e ./Middlewares/ST/STM32_USB_Host_Library/Class/CDC/Src/usbh_cdc.o
 .text.SetLineCoding
                0x0000000008005a58       0x3e ./Middlewares/ST/STM32_USB_Host_Library/Class/CDC/Src/usbh_cdc.o
 .text.CDC_ProcessTransmission
                0x0000000008005a96       0xec ./Middlewares/ST/STM32_USB_Host_Library/Class/CDC/Src/usbh_cdc.o
 .text.CDC_ProcessReception
                0x0000000008005b82       0xb6 ./Middlewares/ST/STM32_USB_Host_Library/Class/CDC/Src/usbh_cdc.o
 .text.USBH_CDC_TransmitCallback
                0x0000000008005c38       0x14 ./Middlewares/ST/STM32_USB_Host_Library/Class/CDC/Src/usbh_cdc.o
                0x0000000008005c38                USBH_CDC_TransmitCallback
 .text.USBH_CDC_ReceiveCallback
                0x0000000008005c4c       0x14 ./Middlewares/ST/STM32_USB_Host_Library/Class/CDC/Src/usbh_cdc.o
                0x0000000008005c4c                USBH_CDC_ReceiveCallback
 .text.USBH_CDC_LineCodingChanged
                0x0000000008005c60       0x14 ./Middlewares/ST/STM32_USB_Host_Library/Class/CDC/Src/usbh_cdc.o
                0x0000000008005c60                USBH_CDC_LineCodingChanged
 .text.USBH_Init
                0x0000000008005c74       0x74 ./Middlewares/ST/STM32_USB_Host_Library/Core/Src/usbh_core.o
                0x0000000008005c74                USBH_Init
 .text.DeInitStateMachine
                0x0000000008005ce8       0xa8 ./Middlewares/ST/STM32_USB_Host_Library/Core/Src/usbh_core.o
 .text.USBH_RegisterClass
                0x0000000008005d90       0x54 ./Middlewares/ST/STM32_USB_Host_Library/Core/Src/usbh_core.o
                0x0000000008005d90                USBH_RegisterClass
 .text.USBH_SelectInterface
                0x0000000008005de4       0x38 ./Middlewares/ST/STM32_USB_Host_Library/Core/Src/usbh_core.o
                0x0000000008005de4                USBH_SelectInterface
 .text.USBH_FindInterface
                0x0000000008005e1c       0x8c ./Middlewares/ST/STM32_USB_Host_Library/Core/Src/usbh_core.o
                0x0000000008005e1c                USBH_FindInterface
 .text.USBH_Start
                0x0000000008005ea8       0x20 ./Middlewares/ST/STM32_USB_Host_Library/Core/Src/usbh_core.o
                0x0000000008005ea8                USBH_Start
 .text.USBH_Process
                0x0000000008005ec8      0x3d8 ./Middlewares/ST/STM32_USB_Host_Library/Core/Src/usbh_core.o
                0x0000000008005ec8                USBH_Process
 .text.USBH_HandleEnum
                0x00000000080062a0      0x3c8 ./Middlewares/ST/STM32_USB_Host_Library/Core/Src/usbh_core.o
 .text.USBH_LL_SetTimer
                0x0000000008006668       0x1e ./Middlewares/ST/STM32_USB_Host_Library/Core/Src/usbh_core.o
                0x0000000008006668                USBH_LL_SetTimer
 .text.USBH_LL_IncTimer
                0x0000000008006686       0x24 ./Middlewares/ST/STM32_USB_Host_Library/Core/Src/usbh_core.o
                0x0000000008006686                USBH_LL_IncTimer
 .text.USBH_HandleSof
                0x00000000080066aa       0x30 ./Middlewares/ST/STM32_USB_Host_Library/Core/Src/usbh_core.o
 .text.USBH_LL_PortEnabled
                0x00000000080066da       0x1c ./Middlewares/ST/STM32_USB_Host_Library/Core/Src/usbh_core.o
                0x00000000080066da                USBH_LL_PortEnabled
 .text.USBH_LL_PortDisabled
                0x00000000080066f6       0x1c ./Middlewares/ST/STM32_USB_Host_Library/Core/Src/usbh_core.o
                0x00000000080066f6                USBH_LL_PortDisabled
 .text.USBH_LL_Connect
                0x0000000008006712       0x2e ./Middlewares/ST/STM32_USB_Host_Library/Core/Src/usbh_core.o
                0x0000000008006712                USBH_LL_Connect
 .text.USBH_LL_Disconnect
                0x0000000008006740       0x48 ./Middlewares/ST/STM32_USB_Host_Library/Core/Src/usbh_core.o
                0x0000000008006740                USBH_LL_Disconnect
 .text.USBH_Get_DevDesc
                0x0000000008006788       0x50 ./Middlewares/ST/STM32_USB_Host_Library/Core/Src/usbh_ctlreq.o
                0x0000000008006788                USBH_Get_DevDesc
 .text.USBH_Get_CfgDesc
                0x00000000080067d8       0x48 ./Middlewares/ST/STM32_USB_Host_Library/Core/Src/usbh_ctlreq.o
                0x00000000080067d8                USBH_Get_CfgDesc
 .text.USBH_Get_StringDesc
                0x0000000008006820       0x56 ./Middlewares/ST/STM32_USB_Host_Library/Core/Src/usbh_ctlreq.o
                0x0000000008006820                USBH_Get_StringDesc
 .text.USBH_GetDescriptor
                0x0000000008006876       0x6a ./Middlewares/ST/STM32_USB_Host_Library/Core/Src/usbh_ctlreq.o
                0x0000000008006876                USBH_GetDescriptor
 .text.USBH_SetAddress
                0x00000000080068e0       0x48 ./Middlewares/ST/STM32_USB_Host_Library/Core/Src/usbh_ctlreq.o
                0x00000000080068e0                USBH_SetAddress
 .text.USBH_SetCfg
                0x0000000008006928       0x46 ./Middlewares/ST/STM32_USB_Host_Library/Core/Src/usbh_ctlreq.o
                0x0000000008006928                USBH_SetCfg
 .text.USBH_SetFeature
                0x000000000800696e       0x48 ./Middlewares/ST/STM32_USB_Host_Library/Core/Src/usbh_ctlreq.o
                0x000000000800696e                USBH_SetFeature
 .text.USBH_ClrFeature
                0x00000000080069b6       0x48 ./Middlewares/ST/STM32_USB_Host_Library/Core/Src/usbh_ctlreq.o
                0x00000000080069b6                USBH_ClrFeature
 .text.USBH_ParseDevDesc
                0x00000000080069fe      0x122 ./Middlewares/ST/STM32_USB_Host_Library/Core/Src/usbh_ctlreq.o
 .text.USBH_ParseCfgDesc
                0x0000000008006b20      0x1ec ./Middlewares/ST/STM32_USB_Host_Library/Core/Src/usbh_ctlreq.o
 .text.USBH_ParseInterfaceDesc
                0x0000000008006d0c       0x5e ./Middlewares/ST/STM32_USB_Host_Library/Core/Src/usbh_ctlreq.o
 .text.USBH_ParseEPDesc
                0x0000000008006d6a      0x14a ./Middlewares/ST/STM32_USB_Host_Library/Core/Src/usbh_ctlreq.o
 .text.USBH_ParseStringDesc
                0x0000000008006eb4       0x66 ./Middlewares/ST/STM32_USB_Host_Library/Core/Src/usbh_ctlreq.o
 .text.USBH_GetNextDesc
                0x0000000008006f1a       0x36 ./Middlewares/ST/STM32_USB_Host_Library/Core/Src/usbh_ctlreq.o
                0x0000000008006f1a                USBH_GetNextDesc
 .text.USBH_CtlReq
                0x0000000008006f50       0x7a ./Middlewares/ST/STM32_USB_Host_Library/Core/Src/usbh_ctlreq.o
                0x0000000008006f50                USBH_CtlReq
 *fill*         0x0000000008006fca        0x2 
 .text.USBH_HandleControl
                0x0000000008006fcc      0x2e8 ./Middlewares/ST/STM32_USB_Host_Library/Core/Src/usbh_ctlreq.o
 .text.USBH_CtlSendSetup
                0x00000000080072b4       0x34 ./Middlewares/ST/STM32_USB_Host_Library/Core/Src/usbh_ioreq.o
                0x00000000080072b4                USBH_CtlSendSetup
 .text.USBH_CtlSendData
                0x00000000080072e8       0x4a ./Middlewares/ST/STM32_USB_Host_Library/Core/Src/usbh_ioreq.o
                0x00000000080072e8                USBH_CtlSendData
 .text.USBH_CtlReceiveData
                0x0000000008007332       0x3c ./Middlewares/ST/STM32_USB_Host_Library/Core/Src/usbh_ioreq.o
                0x0000000008007332                USBH_CtlReceiveData
 .text.USBH_BulkSendData
                0x000000000800736e       0x4a ./Middlewares/ST/STM32_USB_Host_Library/Core/Src/usbh_ioreq.o
                0x000000000800736e                USBH_BulkSendData
 .text.USBH_BulkReceiveData
                0x00000000080073b8       0x3c ./Middlewares/ST/STM32_USB_Host_Library/Core/Src/usbh_ioreq.o
                0x00000000080073b8                USBH_BulkReceiveData
 .text.USBH_OpenPipe
                0x00000000080073f4       0x3e ./Middlewares/ST/STM32_USB_Host_Library/Core/Src/usbh_pipes.o
                0x00000000080073f4                USBH_OpenPipe
 .text.USBH_ClosePipe
                0x0000000008007432       0x20 ./Middlewares/ST/STM32_USB_Host_Library/Core/Src/usbh_pipes.o
                0x0000000008007432                USBH_ClosePipe
 .text.USBH_AllocPipe
                0x0000000008007452       0x42 ./Middlewares/ST/STM32_USB_Host_Library/Core/Src/usbh_pipes.o
                0x0000000008007452                USBH_AllocPipe
 .text.USBH_FreePipe
                0x0000000008007494       0x3c ./Middlewares/ST/STM32_USB_Host_Library/Core/Src/usbh_pipes.o
                0x0000000008007494                USBH_FreePipe
 .text.USBH_GetFreePipe
                0x00000000080074d0       0x48 ./Middlewares/ST/STM32_USB_Host_Library/Core/Src/usbh_pipes.o
 .text.MX_USB_HOST_Init
                0x0000000008007518       0x4c ./USB_HOST/App/usb_host.o
                0x0000000008007518                MX_USB_HOST_Init
 .text.MX_USB_HOST_Process
                0x0000000008007564       0x14 ./USB_HOST/App/usb_host.o
                0x0000000008007564                MX_USB_HOST_Process
 .text.USBH_UserProcess
                0x0000000008007578       0x5c ./USB_HOST/App/usb_host.o
 .text.HAL_HCD_MspInit
                0x00000000080075d4       0xc4 ./USB_HOST/Target/usbh_conf.o
                0x00000000080075d4                HAL_HCD_MspInit
 .text.HAL_HCD_SOF_Callback
                0x0000000008007698       0x1c ./USB_HOST/Target/usbh_conf.o
                0x0000000008007698                HAL_HCD_SOF_Callback
 .text.HAL_HCD_Connect_Callback
                0x00000000080076b4       0x1c ./USB_HOST/Target/usbh_conf.o
                0x00000000080076b4                HAL_HCD_Connect_Callback
 .text.HAL_HCD_Disconnect_Callback
                0x00000000080076d0       0x1c ./USB_HOST/Target/usbh_conf.o
                0x00000000080076d0                HAL_HCD_Disconnect_Callback
 .text.HAL_HCD_HC_NotifyURBChange_Callback
                0x00000000080076ec       0x1c ./USB_HOST/Target/usbh_conf.o
                0x00000000080076ec                HAL_HCD_HC_NotifyURBChange_Callback
 .text.HAL_HCD_PortEnabled_Callback
                0x0000000008007708       0x1c ./USB_HOST/Target/usbh_conf.o
                0x0000000008007708                HAL_HCD_PortEnabled_Callback
 .text.HAL_HCD_PortDisabled_Callback
                0x0000000008007724       0x1c ./USB_HOST/Target/usbh_conf.o
                0x0000000008007724                HAL_HCD_PortDisabled_Callback
 .text.USBH_LL_Init
                0x0000000008007740       0x78 ./USB_HOST/Target/usbh_conf.o
                0x0000000008007740                USBH_LL_Init
 .text.USBH_LL_Start
                0x00000000080077b8       0x36 ./USB_HOST/Target/usbh_conf.o
                0x00000000080077b8                USBH_LL_Start
 .text.USBH_LL_Stop
                0x00000000080077ee       0x36 ./USB_HOST/Target/usbh_conf.o
                0x00000000080077ee                USBH_LL_Stop
 .text.USBH_LL_GetSpeed
                0x0000000008007824       0x4e ./USB_HOST/Target/usbh_conf.o
                0x0000000008007824                USBH_LL_GetSpeed
 .text.USBH_LL_ResetPort
                0x0000000008007872       0x36 ./USB_HOST/Target/usbh_conf.o
                0x0000000008007872                USBH_LL_ResetPort
 .text.USBH_LL_GetLastXferSize
                0x00000000080078a8       0x26 ./USB_HOST/Target/usbh_conf.o
                0x00000000080078a8                USBH_LL_GetLastXferSize
 .text.USBH_LL_OpenPipe
                0x00000000080078ce       0x5e ./USB_HOST/Target/usbh_conf.o
                0x00000000080078ce                USBH_LL_OpenPipe
 .text.USBH_LL_ClosePipe
                0x000000000800792c       0x3e ./USB_HOST/Target/usbh_conf.o
                0x000000000800792c                USBH_LL_ClosePipe
 .text.USBH_LL_SubmitURB
                0x000000000800796a       0x62 ./USB_HOST/Target/usbh_conf.o
                0x000000000800796a                USBH_LL_SubmitURB
 .text.USBH_LL_GetURBState
                0x00000000080079cc       0x26 ./USB_HOST/Target/usbh_conf.o
                0x00000000080079cc                USBH_LL_GetURBState
 .text.USBH_LL_DriverVBUS
                0x00000000080079f2       0x2e ./USB_HOST/Target/usbh_conf.o
                0x00000000080079f2                USBH_LL_DriverVBUS
 .text.USBH_LL_SetToggle
                0x0000000008007a20       0x60 ./USB_HOST/Target/usbh_conf.o
                0x0000000008007a20                USBH_LL_SetToggle
 .text.USBH_Delay
                0x0000000008007a80       0x16 ./USB_HOST/Target/usbh_conf.o
                0x0000000008007a80                USBH_Delay
 *fill*         0x0000000008007a96        0x2 
 .text.USBH_Get_USB_Status
                0x0000000008007a98       0x58 ./USB_HOST/Target/usbh_conf.o
                0x0000000008007a98                USBH_Get_USB_Status
 .text.MX_DriverVbusFS
                0x0000000008007af0       0x38 ./USB_HOST/Target/usbh_platform.o
                0x0000000008007af0                MX_DriverVbusFS
 .text.__errno  0x0000000008007b28        0xc /Applications/STM32CubeIDE.app/Contents/Eclipse/plugins/com.st.stm32cube.ide.mcu.externaltools.gnu-tools-for-stm32.10.3-2021.10.macos64_1.0.0.202111181127/tools/bin/../lib/gcc/arm-none-eabi/10.3.1/../../../../arm-none-eabi/lib/thumb/v7e-m+fp/hard/libc_nano.a(lib_a-errno.o)
                0x0000000008007b28                __errno
 .text.__libc_init_array
                0x0000000008007b34       0x48 /Applications/STM32CubeIDE.app/Contents/Eclipse/plugins/com.st.stm32cube.ide.mcu.externaltools.gnu-tools-for-stm32.10.3-2021.10.macos64_1.0.0.202111181127/tools/bin/../lib/gcc/arm-none-eabi/10.3.1/../../../../arm-none-eabi/lib/thumb/v7e-m+fp/hard/libc_nano.a(lib_a-init.o)
                0x0000000008007b34                __libc_init_array
 .text.malloc   0x0000000008007b7c       0x10 /Applications/STM32CubeIDE.app/Contents/Eclipse/plugins/com.st.stm32cube.ide.mcu.externaltools.gnu-tools-for-stm32.10.3-2021.10.macos64_1.0.0.202111181127/tools/bin/../lib/gcc/arm-none-eabi/10.3.1/../../../../arm-none-eabi/lib/thumb/v7e-m+fp/hard/libc_nano.a(lib_a-malloc.o)
                0x0000000008007b7c                malloc
 .text.free     0x0000000008007b8c       0x10 /Applications/STM32CubeIDE.app/Contents/Eclipse/plugins/com.st.stm32cube.ide.mcu.externaltools.gnu-tools-for-stm32.10.3-2021.10.macos64_1.0.0.202111181127/tools/bin/../lib/gcc/arm-none-eabi/10.3.1/../../../../arm-none-eabi/lib/thumb/v7e-m+fp/hard/libc_nano.a(lib_a-malloc.o)
                0x0000000008007b8c                free
 .text.memset   0x0000000008007b9c       0x10 /Applications/STM32CubeIDE.app/Contents/Eclipse/plugins/com.st.stm32cube.ide.mcu.externaltools.gnu-tools-for-stm32.10.3-2021.10.macos64_1.0.0.202111181127/tools/bin/../lib/gcc/arm-none-eabi/10.3.1/../../../../arm-none-eabi/lib/thumb/v7e-m+fp/hard/libc_nano.a(lib_a-memset.o)
                0x0000000008007b9c                memset
 .text._free_r  0x0000000008007bac       0x98 /Applications/STM32CubeIDE.app/Contents/Eclipse/plugins/com.st.stm32cube.ide.mcu.externaltools.gnu-tools-for-stm32.10.3-2021.10.macos64_1.0.0.202111181127/tools/bin/../lib/gcc/arm-none-eabi/10.3.1/../../../../arm-none-eabi/lib/thumb/v7e-m+fp/hard/libc_nano.a(lib_a-nano-freer.o)
                0x0000000008007bac                _free_r
 .text.sbrk_aligned
                0x0000000008007c44       0x40 /Applications/STM32CubeIDE.app/Contents/Eclipse/plugins/com.st.stm32cube.ide.mcu.externaltools.gnu-tools-for-stm32.10.3-2021.10.macos64_1.0.0.202111181127/tools/bin/../lib/gcc/arm-none-eabi/10.3.1/../../../../arm-none-eabi/lib/thumb/v7e-m+fp/hard/libc_nano.a(lib_a-nano-mallocr.o)
 .text._malloc_r
                0x0000000008007c84       0xe8 /Applications/STM32CubeIDE.app/Contents/Eclipse/plugins/com.st.stm32cube.ide.mcu.externaltools.gnu-tools-for-stm32.10.3-2021.10.macos64_1.0.0.202111181127/tools/bin/../lib/gcc/arm-none-eabi/10.3.1/../../../../arm-none-eabi/lib/thumb/v7e-m+fp/hard/libc_nano.a(lib_a-nano-mallocr.o)
                0x0000000008007c84                _malloc_r
 .text._sbrk_r  0x0000000008007d6c       0x20 /Applications/STM32CubeIDE.app/Contents/Eclipse/plugins/com.st.stm32cube.ide.mcu.externaltools.gnu-tools-for-stm32.10.3-2021.10.macos64_1.0.0.202111181127/tools/bin/../lib/gcc/arm-none-eabi/10.3.1/../../../../arm-none-eabi/lib/thumb/v7e-m+fp/hard/libc_nano.a(lib_a-sbrkr.o)
                0x0000000008007d6c                _sbrk_r
 .text.__malloc_lock
                0x0000000008007d8c        0xc /Applications/STM32CubeIDE.app/Contents/Eclipse/plugins/com.st.stm32cube.ide.mcu.externaltools.gnu-tools-for-stm32.10.3-2021.10.macos64_1.0.0.202111181127/tools/bin/../lib/gcc/arm-none-eabi/10.3.1/../../../../arm-none-eabi/lib/thumb/v7e-m+fp/hard/libc_nano.a(lib_a-mlock.o)
                0x0000000008007d8c                __malloc_lock
 .text.__malloc_unlock
                0x0000000008007d98        0xc /Applications/STM32CubeIDE.app/Contents/Eclipse/plugins/com.st.stm32cube.ide.mcu.externaltools.gnu-tools-for-stm32.10.3-2021.10.macos64_1.0.0.202111181127/tools/bin/../lib/gcc/arm-none-eabi/10.3.1/../../../../arm-none-eabi/lib/thumb/v7e-m+fp/hard/libc_nano.a(lib_a-mlock.o)
                0x0000000008007d98                __malloc_unlock
 .text.__retarget_lock_acquire_recursive
                0x0000000008007da4        0x2 /Applications/STM32CubeIDE.app/Contents/Eclipse/plugins/com.st.stm32cube.ide.mcu.externaltools.gnu-tools-for-stm32.10.3-2021.10.macos64_1.0.0.202111181127/tools/bin/../lib/gcc/arm-none-eabi/10.3.1/../../../../arm-none-eabi/lib/thumb/v7e-m+fp/hard/libc_nano.a(lib_a-lock.o)
                0x0000000008007da4                __retarget_lock_acquire_recursive
 .text.__retarget_lock_release_recursive
                0x0000000008007da6        0x2 /Applications/STM32CubeIDE.app/Contents/Eclipse/plugins/com.st.stm32cube.ide.mcu.externaltools.gnu-tools-for-stm32.10.3-2021.10.macos64_1.0.0.202111181127/tools/bin/../lib/gcc/arm-none-eabi/10.3.1/../../../../arm-none-eabi/lib/thumb/v7e-m+fp/hard/libc_nano.a(lib_a-lock.o)
                0x0000000008007da6                __retarget_lock_release_recursive
 *(.glue_7)
 .glue_7        0x0000000008007da8        0x0 linker stubs
 *(.glue_7t)
 .glue_7t       0x0000000008007da8        0x0 linker stubs
 *(.eh_frame)
 .eh_frame      0x0000000008007da8        0x0 /Applications/STM32CubeIDE.app/Contents/Eclipse/plugins/com.st.stm32cube.ide.mcu.externaltools.gnu-tools-for-stm32.10.3-2021.10.macos64_1.0.0.202111181127/tools/bin/../lib/gcc/arm-none-eabi/10.3.1/thumb/v7e-m+fp/hard/crtbegin.o
 *(.init)
 .init          0x0000000008007da8        0x4 /Applications/STM32CubeIDE.app/Contents/Eclipse/plugins/com.st.stm32cube.ide.mcu.externaltools.gnu-tools-for-stm32.10.3-2021.10.macos64_1.0.0.202111181127/tools/bin/../lib/gcc/arm-none-eabi/10.3.1/thumb/v7e-m+fp/hard/crti.o
                0x0000000008007da8                _init
 .init          0x0000000008007dac        0x8 /Applications/STM32CubeIDE.app/Contents/Eclipse/plugins/com.st.stm32cube.ide.mcu.externaltools.gnu-tools-for-stm32.10.3-2021.10.macos64_1.0.0.202111181127/tools/bin/../lib/gcc/arm-none-eabi/10.3.1/thumb/v7e-m+fp/hard/crtn.o
 *(.fini)
 .fini          0x0000000008007db4        0x4 /Applications/STM32CubeIDE.app/Contents/Eclipse/plugins/com.st.stm32cube.ide.mcu.externaltools.gnu-tools-for-stm32.10.3-2021.10.macos64_1.0.0.202111181127/tools/bin/../lib/gcc/arm-none-eabi/10.3.1/thumb/v7e-m+fp/hard/crti.o
                0x0000000008007db4                _fini
 .fini          0x0000000008007db8        0x8 /Applications/STM32CubeIDE.app/Contents/Eclipse/plugins/com.st.stm32cube.ide.mcu.externaltools.gnu-tools-for-stm32.10.3-2021.10.macos64_1.0.0.202111181127/tools/bin/../lib/gcc/arm-none-eabi/10.3.1/thumb/v7e-m+fp/hard/crtn.o
                0x0000000008007dc0                . = ALIGN (0x4)
                0x0000000008007dc0                _etext = .

.vfp11_veneer   0x0000000008007dc0        0x0
 .vfp11_veneer  0x0000000008007dc0        0x0 linker stubs

.v4_bx          0x0000000008007dc0        0x0
 .v4_bx         0x0000000008007dc0        0x0 linker stubs

.iplt           0x0000000008007dc0        0x0
 .iplt          0x0000000008007dc0        0x0 /Applications/STM32CubeIDE.app/Contents/Eclipse/plugins/com.st.stm32cube.ide.mcu.externaltools.gnu-tools-for-stm32.10.3-2021.10.macos64_1.0.0.202111181127/tools/bin/../lib/gcc/arm-none-eabi/10.3.1/thumb/v7e-m+fp/hard/crtbegin.o

.rodata         0x0000000008007dc0       0x1c
                0x0000000008007dc0                . = ALIGN (0x4)
 *(.rodata)
 .rodata        0x0000000008007dc0        0x4 ./Middlewares/ST/STM32_USB_Host_Library/Class/CDC/Src/usbh_cdc.o
 *(.rodata*)
 .rodata.AHBPrescTable
                0x0000000008007dc4       0x10 ./Core/Src/system_stm32f4xx.o
                0x0000000008007dc4                AHBPrescTable
 .rodata.APBPrescTable
                0x0000000008007dd4        0x8 ./Core/Src/system_stm32f4xx.o
                0x0000000008007dd4                APBPrescTable
                0x0000000008007ddc                . = ALIGN (0x4)

.ARM.extab      0x0000000008007ddc        0x0
                0x0000000008007ddc                . = ALIGN (0x4)
 *(.ARM.extab* .gnu.linkonce.armextab.*)
                0x0000000008007ddc                . = ALIGN (0x4)

.ARM            0x0000000008007ddc        0x8
                0x0000000008007ddc                . = ALIGN (0x4)
                0x0000000008007ddc                __exidx_start = .
 *(.ARM.exidx*)
 .ARM.exidx     0x0000000008007ddc        0x8 /Applications/STM32CubeIDE.app/Contents/Eclipse/plugins/com.st.stm32cube.ide.mcu.externaltools.gnu-tools-for-stm32.10.3-2021.10.macos64_1.0.0.202111181127/tools/bin/../lib/gcc/arm-none-eabi/10.3.1/thumb/v7e-m+fp/hard/libgcc.a(_udivmoddi4.o)
                0x0000000008007de4                __exidx_end = .
                0x0000000008007de4                . = ALIGN (0x4)

.rel.dyn        0x0000000008007de4        0x0
 .rel.iplt      0x0000000008007de4        0x0 /Applications/STM32CubeIDE.app/Contents/Eclipse/plugins/com.st.stm32cube.ide.mcu.externaltools.gnu-tools-for-stm32.10.3-2021.10.macos64_1.0.0.202111181127/tools/bin/../lib/gcc/arm-none-eabi/10.3.1/thumb/v7e-m+fp/hard/crtbegin.o

.preinit_array  0x0000000008007de4        0x0
                0x0000000008007de4                . = ALIGN (0x4)
                0x0000000008007de4                PROVIDE (__preinit_array_start = .)
 *(.preinit_array*)
                0x0000000008007de4                PROVIDE (__preinit_array_end = .)
                0x0000000008007de4                . = ALIGN (0x4)

.init_array     0x0000000008007de4        0x4
                0x0000000008007de4                . = ALIGN (0x4)
                0x0000000008007de4                PROVIDE (__init_array_start = .)
 *(SORT_BY_NAME(.init_array.*))
 *(.init_array*)
 .init_array    0x0000000008007de4        0x4 /Applications/STM32CubeIDE.app/Contents/Eclipse/plugins/com.st.stm32cube.ide.mcu.externaltools.gnu-tools-for-stm32.10.3-2021.10.macos64_1.0.0.202111181127/tools/bin/../lib/gcc/arm-none-eabi/10.3.1/thumb/v7e-m+fp/hard/crtbegin.o
                0x0000000008007de8                PROVIDE (__init_array_end = .)
                0x0000000008007de8                . = ALIGN (0x4)

.fini_array     0x0000000008007de8        0x4
                0x0000000008007de8                . = ALIGN (0x4)
                [!provide]                        PROVIDE (__fini_array_start = .)
 *(SORT_BY_NAME(.fini_array.*))
 *(.fini_array*)
 .fini_array    0x0000000008007de8        0x4 /Applications/STM32CubeIDE.app/Contents/Eclipse/plugins/com.st.stm32cube.ide.mcu.externaltools.gnu-tools-for-stm32.10.3-2021.10.macos64_1.0.0.202111181127/tools/bin/../lib/gcc/arm-none-eabi/10.3.1/thumb/v7e-m+fp/hard/crtbegin.o
                [!provide]                        PROVIDE (__fini_array_end = .)
                0x0000000008007dec                . = ALIGN (0x4)
                0x0000000008007dec                _sidata = LOADADDR (.data)

.data           0x0000000020000000       0x90 load address 0x0000000008007dec
                0x0000000020000000                . = ALIGN (0x4)
                0x0000000020000000                _sdata = .
 *(.data)
 *(.data*)
 .data.SystemCoreClock
                0x0000000020000000        0x4 ./Core/Src/system_stm32f4xx.o
                0x0000000020000000                SystemCoreClock
 .data.uwTickPrio
                0x0000000020000004        0x4 ./Drivers/STM32F4xx_HAL_Driver/Src/stm32f4xx_hal.o
                0x0000000020000004                uwTickPrio
 .data.uwTickFreq
                0x0000000020000008        0x1 ./Drivers/STM32F4xx_HAL_Driver/Src/stm32f4xx_hal.o
                0x0000000020000008                uwTickFreq
 *fill*         0x0000000020000009        0x3 
 .data.CDC_Class
                0x000000002000000c       0x20 ./Middlewares/ST/STM32_USB_Host_Library/Class/CDC/Src/usbh_cdc.o
                0x000000002000000c                CDC_Class
 .data._impure_ptr
                0x000000002000002c        0x4 /Applications/STM32CubeIDE.app/Contents/Eclipse/plugins/com.st.stm32cube.ide.mcu.externaltools.gnu-tools-for-stm32.10.3-2021.10.macos64_1.0.0.202111181127/tools/bin/../lib/gcc/arm-none-eabi/10.3.1/../../../../arm-none-eabi/lib/thumb/v7e-m+fp/hard/libc_nano.a(lib_a-impure.o)
                0x000000002000002c                _impure_ptr
 .data.impure_data
                0x0000000020000030       0x60 /Applications/STM32CubeIDE.app/Contents/Eclipse/plugins/com.st.stm32cube.ide.mcu.externaltools.gnu-tools-for-stm32.10.3-2021.10.macos64_1.0.0.202111181127/tools/bin/../lib/gcc/arm-none-eabi/10.3.1/../../../../arm-none-eabi/lib/thumb/v7e-m+fp/hard/libc_nano.a(lib_a-impure.o)
 *(.RamFunc)
 *(.RamFunc*)
                0x0000000020000090                . = ALIGN (0x4)
                0x0000000020000090                _edata = .

.igot.plt       0x0000000020000090        0x0 load address 0x0000000008007e7c
 .igot.plt      0x0000000020000090        0x0 /Applications/STM32CubeIDE.app/Contents/Eclipse/plugins/com.st.stm32cube.ide.mcu.externaltools.gnu-tools-for-stm32.10.3-2021.10.macos64_1.0.0.202111181127/tools/bin/../lib/gcc/arm-none-eabi/10.3.1/thumb/v7e-m+fp/hard/crtbegin.o
                0x0000000020000090                . = ALIGN (0x4)

.bss            0x0000000020000090      0x850 load address 0x0000000008007e7c
                0x0000000020000090                _sbss = .
                0x0000000020000090                __bss_start__ = _sbss
 *(.bss)
 .bss           0x0000000020000090       0x1c /Applications/STM32CubeIDE.app/Contents/Eclipse/plugins/com.st.stm32cube.ide.mcu.externaltools.gnu-tools-for-stm32.10.3-2021.10.macos64_1.0.0.202111181127/tools/bin/../lib/gcc/arm-none-eabi/10.3.1/thumb/v7e-m+fp/hard/crtbegin.o
 *(.bss*)
 .bss.hi2c1     0x00000000200000ac       0x54 ./Core/Src/i2c.o
                0x00000000200000ac                hi2c1
 .bss.hi2s2     0x0000000020000100       0x48 ./Core/Src/i2s.o
                0x0000000020000100                hi2s2
 .bss.hi2s3     0x0000000020000148       0x48 ./Core/Src/i2s.o
                0x0000000020000148                hi2s3
 .bss.hspi1     0x0000000020000190       0x58 ./Core/Src/spi.o
                0x0000000020000190                hspi1
 .bss.__sbrk_heap_end
                0x00000000200001e8        0x4 ./Core/Src/sysmem.o
 .bss.uwTick    0x00000000200001ec        0x4 ./Drivers/STM32F4xx_HAL_Driver/Src/stm32f4xx_hal.o
                0x00000000200001ec                uwTick
 .bss.hUsbHostFS
                0x00000000200001f0      0x3d8 ./USB_HOST/App/usb_host.o
                0x00000000200001f0                hUsbHostFS
 .bss.Appli_state
                0x00000000200005c8        0x1 ./USB_HOST/App/usb_host.o
                0x00000000200005c8                Appli_state
 *fill*         0x00000000200005c9        0x3 
 .bss.hhcd_USB_OTG_FS
                0x00000000200005cc      0x304 ./USB_HOST/Target/usbh_conf.o
                0x00000000200005cc                hhcd_USB_OTG_FS
 .bss.__malloc_free_list
                0x00000000200008d0        0x4 /Applications/STM32CubeIDE.app/Contents/Eclipse/plugins/com.st.stm32cube.ide.mcu.externaltools.gnu-tools-for-stm32.10.3-2021.10.macos64_1.0.0.202111181127/tools/bin/../lib/gcc/arm-none-eabi/10.3.1/../../../../arm-none-eabi/lib/thumb/v7e-m+fp/hard/libc_nano.a(lib_a-nano-mallocr.o)
                0x00000000200008d0                __malloc_free_list
 .bss.__malloc_sbrk_start
                0x00000000200008d4        0x4 /Applications/STM32CubeIDE.app/Contents/Eclipse/plugins/com.st.stm32cube.ide.mcu.externaltools.gnu-tools-for-stm32.10.3-2021.10.macos64_1.0.0.202111181127/tools/bin/../lib/gcc/arm-none-eabi/10.3.1/../../../../arm-none-eabi/lib/thumb/v7e-m+fp/hard/libc_nano.a(lib_a-nano-mallocr.o)
                0x00000000200008d4                __malloc_sbrk_start
 .bss.errno     0x00000000200008d8        0x4 /Applications/STM32CubeIDE.app/Contents/Eclipse/plugins/com.st.stm32cube.ide.mcu.externaltools.gnu-tools-for-stm32.10.3-2021.10.macos64_1.0.0.202111181127/tools/bin/../lib/gcc/arm-none-eabi/10.3.1/../../../../arm-none-eabi/lib/thumb/v7e-m+fp/hard/libc_nano.a(lib_a-reent.o)
                0x00000000200008d8                errno
 .bss.__lock___malloc_recursive_mutex
                0x00000000200008dc        0x1 /Applications/STM32CubeIDE.app/Contents/Eclipse/plugins/com.st.stm32cube.ide.mcu.externaltools.gnu-tools-for-stm32.10.3-2021.10.macos64_1.0.0.202111181127/tools/bin/../lib/gcc/arm-none-eabi/10.3.1/../../../../arm-none-eabi/lib/thumb/v7e-m+fp/hard/libc_nano.a(lib_a-lock.o)
                0x00000000200008dc                __lock___malloc_recursive_mutex
 *(COMMON)
                0x00000000200008e0                . = ALIGN (0x4)
 *fill*         0x00000000200008dd        0x3 
                0x00000000200008e0                _ebss = .
                0x00000000200008e0                __bss_end__ = _ebss

._user_heap_stack
                0x00000000200008e0      0x600 load address 0x0000000008007e7c
                0x00000000200008e0                . = ALIGN (0x8)
                [!provide]                        PROVIDE (end = .)
                0x00000000200008e0                PROVIDE (_end = .)
                0x0000000020000ae0                . = (. + _Min_Heap_Size)
 *fill*         0x00000000200008e0      0x200 
                0x0000000020000ee0                . = (. + _Min_Stack_Size)
 *fill*         0x0000000020000ae0      0x400 
                0x0000000020000ee0                . = ALIGN (0x8)

/DISCARD/
 libc.a(*)
 libm.a(*)
 libgcc.a(*)

.ARM.attributes
                0x0000000000000000       0x30
 *(.ARM.attributes)
 .ARM.attributes
                0x0000000000000000       0x1e /Applications/STM32CubeIDE.app/Contents/Eclipse/plugins/com.st.stm32cube.ide.mcu.externaltools.gnu-tools-for-stm32.10.3-2021.10.macos64_1.0.0.202111181127/tools/bin/../lib/gcc/arm-none-eabi/10.3.1/thumb/v7e-m+fp/hard/crti.o
 .ARM.attributes
                0x000000000000001e       0x34 /Applications/STM32CubeIDE.app/Contents/Eclipse/plugins/com.st.stm32cube.ide.mcu.externaltools.gnu-tools-for-stm32.10.3-2021.10.macos64_1.0.0.202111181127/tools/bin/../lib/gcc/arm-none-eabi/10.3.1/thumb/v7e-m+fp/hard/crtbegin.o
 .ARM.attributes
                0x0000000000000052       0x34 ./Core/Src/gpio.o
 .ARM.attributes
                0x0000000000000086       0x34 ./Core/Src/i2c.o
 .ARM.attributes
                0x00000000000000ba       0x34 ./Core/Src/i2s.o
 .ARM.attributes
                0x00000000000000ee       0x34 ./Core/Src/main.o
 .ARM.attributes
                0x0000000000000122       0x34 ./Core/Src/spi.o
 .ARM.attributes
                0x0000000000000156       0x34 ./Core/Src/stm32f4xx_hal_msp.o
 .ARM.attributes
                0x000000000000018a       0x34 ./Core/Src/stm32f4xx_it.o
 .ARM.attributes
                0x00000000000001be       0x34 ./Core/Src/sysmem.o
 .ARM.attributes
                0x00000000000001f2       0x34 ./Core/Src/system_stm32f4xx.o
 .ARM.attributes
                0x0000000000000226       0x21 ./Core/Startup/startup_stm32f411vetx.o
 .ARM.attributes
                0x0000000000000247       0x34 ./Drivers/STM32F4xx_HAL_Driver/Src/stm32f4xx_hal.o
 .ARM.attributes
                0x000000000000027b       0x34 ./Drivers/STM32F4xx_HAL_Driver/Src/stm32f4xx_hal_cortex.o
 .ARM.attributes
                0x00000000000002af       0x34 ./Drivers/STM32F4xx_HAL_Driver/Src/stm32f4xx_hal_gpio.o
 .ARM.attributes
                0x00000000000002e3       0x34 ./Drivers/STM32F4xx_HAL_Driver/Src/stm32f4xx_hal_hcd.o
 .ARM.attributes
                0x0000000000000317       0x34 ./Drivers/STM32F4xx_HAL_Driver/Src/stm32f4xx_hal_i2c.o
 .ARM.attributes
                0x000000000000034b       0x34 ./Drivers/STM32F4xx_HAL_Driver/Src/stm32f4xx_hal_i2s.o
 .ARM.attributes
                0x000000000000037f       0x34 ./Drivers/STM32F4xx_HAL_Driver/Src/stm32f4xx_hal_i2s_ex.o
 .ARM.attributes
                0x00000000000003b3       0x34 ./Drivers/STM32F4xx_HAL_Driver/Src/stm32f4xx_hal_rcc.o
 .ARM.attributes
                0x00000000000003e7       0x34 ./Drivers/STM32F4xx_HAL_Driver/Src/stm32f4xx_hal_rcc_ex.o
 .ARM.attributes
                0x000000000000041b       0x34 ./Drivers/STM32F4xx_HAL_Driver/Src/stm32f4xx_hal_spi.o
 .ARM.attributes
                0x000000000000044f       0x34 ./Drivers/STM32F4xx_HAL_Driver/Src/stm32f4xx_ll_usb.o
 .ARM.attributes
                0x0000000000000483       0x34 ./Middlewares/ST/STM32_USB_Host_Library/Class/CDC/Src/usbh_cdc.o
 .ARM.attributes
                0x00000000000004b7       0x34 ./Middlewares/ST/STM32_USB_Host_Library/Core/Src/usbh_core.o
 .ARM.attributes
                0x00000000000004eb       0x34 ./Middlewares/ST/STM32_USB_Host_Library/Core/Src/usbh_ctlreq.o
 .ARM.attributes
                0x000000000000051f       0x34 ./Middlewares/ST/STM32_USB_Host_Library/Core/Src/usbh_ioreq.o
 .ARM.attributes
                0x0000000000000553       0x34 ./Middlewares/ST/STM32_USB_Host_Library/Core/Src/usbh_pipes.o
 .ARM.attributes
                0x0000000000000587       0x34 ./USB_HOST/App/usb_host.o
 .ARM.attributes
                0x00000000000005bb       0x34 ./USB_HOST/Target/usbh_conf.o
 .ARM.attributes
                0x00000000000005ef       0x34 ./USB_HOST/Target/usbh_platform.o
 .ARM.attributes
                0x0000000000000623       0x34 /Applications/STM32CubeIDE.app/Contents/Eclipse/plugins/com.st.stm32cube.ide.mcu.externaltools.gnu-tools-for-stm32.10.3-2021.10.macos64_1.0.0.202111181127/tools/bin/../lib/gcc/arm-none-eabi/10.3.1/../../../../arm-none-eabi/lib/thumb/v7e-m+fp/hard/libc_nano.a(lib_a-errno.o)
 .ARM.attributes
                0x0000000000000657       0x34 /Applications/STM32CubeIDE.app/Contents/Eclipse/plugins/com.st.stm32cube.ide.mcu.externaltools.gnu-tools-for-stm32.10.3-2021.10.macos64_1.0.0.202111181127/tools/bin/../lib/gcc/arm-none-eabi/10.3.1/../../../../arm-none-eabi/lib/thumb/v7e-m+fp/hard/libc_nano.a(lib_a-impure.o)
 .ARM.attributes
                0x000000000000068b       0x34 /Applications/STM32CubeIDE.app/Contents/Eclipse/plugins/com.st.stm32cube.ide.mcu.externaltools.gnu-tools-for-stm32.10.3-2021.10.macos64_1.0.0.202111181127/tools/bin/../lib/gcc/arm-none-eabi/10.3.1/../../../../arm-none-eabi/lib/thumb/v7e-m+fp/hard/libc_nano.a(lib_a-init.o)
 .ARM.attributes
                0x00000000000006bf       0x34 /Applications/STM32CubeIDE.app/Contents/Eclipse/plugins/com.st.stm32cube.ide.mcu.externaltools.gnu-tools-for-stm32.10.3-2021.10.macos64_1.0.0.202111181127/tools/bin/../lib/gcc/arm-none-eabi/10.3.1/../../../../arm-none-eabi/lib/thumb/v7e-m+fp/hard/libc_nano.a(lib_a-malloc.o)
 .ARM.attributes
                0x00000000000006f3       0x34 /Applications/STM32CubeIDE.app/Contents/Eclipse/plugins/com.st.stm32cube.ide.mcu.externaltools.gnu-tools-for-stm32.10.3-2021.10.macos64_1.0.0.202111181127/tools/bin/../lib/gcc/arm-none-eabi/10.3.1/../../../../arm-none-eabi/lib/thumb/v7e-m+fp/hard/libc_nano.a(lib_a-memset.o)
 .ARM.attributes
                0x0000000000000727       0x34 /Applications/STM32CubeIDE.app/Contents/Eclipse/plugins/com.st.stm32cube.ide.mcu.externaltools.gnu-tools-for-stm32.10.3-2021.10.macos64_1.0.0.202111181127/tools/bin/../lib/gcc/arm-none-eabi/10.3.1/../../../../arm-none-eabi/lib/thumb/v7e-m+fp/hard/libc_nano.a(lib_a-nano-freer.o)
 .ARM.attributes
                0x000000000000075b       0x34 /Applications/STM32CubeIDE.app/Contents/Eclipse/plugins/com.st.stm32cube.ide.mcu.externaltools.gnu-tools-for-stm32.10.3-2021.10.macos64_1.0.0.202111181127/tools/bin/../lib/gcc/arm-none-eabi/10.3.1/../../../../arm-none-eabi/lib/thumb/v7e-m+fp/hard/libc_nano.a(lib_a-nano-mallocr.o)
 .ARM.attributes
                0x000000000000078f       0x34 /Applications/STM32CubeIDE.app/Contents/Eclipse/plugins/com.st.stm32cube.ide.mcu.externaltools.gnu-tools-for-stm32.10.3-2021.10.macos64_1.0.0.202111181127/tools/bin/../lib/gcc/arm-none-eabi/10.3.1/../../../../arm-none-eabi/lib/thumb/v7e-m+fp/hard/libc_nano.a(lib_a-sbrkr.o)
 .ARM.attributes
                0x00000000000007c3       0x34 /Applications/STM32CubeIDE.app/Contents/Eclipse/plugins/com.st.stm32cube.ide.mcu.externaltools.gnu-tools-for-stm32.10.3-2021.10.macos64_1.0.0.202111181127/tools/bin/../lib/gcc/arm-none-eabi/10.3.1/../../../../arm-none-eabi/lib/thumb/v7e-m+fp/hard/libc_nano.a(lib_a-mlock.o)
 .ARM.attributes
                0x00000000000007f7       0x34 /Applications/STM32CubeIDE.app/Contents/Eclipse/plugins/com.st.stm32cube.ide.mcu.externaltools.gnu-tools-for-stm32.10.3-2021.10.macos64_1.0.0.202111181127/tools/bin/../lib/gcc/arm-none-eabi/10.3.1/../../../../arm-none-eabi/lib/thumb/v7e-m+fp/hard/libc_nano.a(lib_a-reent.o)
 .ARM.attributes
                0x000000000000082b       0x34 /Applications/STM32CubeIDE.app/Contents/Eclipse/plugins/com.st.stm32cube.ide.mcu.externaltools.gnu-tools-for-stm32.10.3-2021.10.macos64_1.0.0.202111181127/tools/bin/../lib/gcc/arm-none-eabi/10.3.1/../../../../arm-none-eabi/lib/thumb/v7e-m+fp/hard/libc_nano.a(lib_a-lock.o)
 .ARM.attributes
                0x000000000000085f       0x1e /Applications/STM32CubeIDE.app/Contents/Eclipse/plugins/com.st.stm32cube.ide.mcu.externaltools.gnu-tools-for-stm32.10.3-2021.10.macos64_1.0.0.202111181127/tools/bin/../lib/gcc/arm-none-eabi/10.3.1/thumb/v7e-m+fp/hard/libgcc.a(_aeabi_uldivmod.o)
 .ARM.attributes
                0x000000000000087d       0x34 /Applications/STM32CubeIDE.app/Contents/Eclipse/plugins/com.st.stm32cube.ide.mcu.externaltools.gnu-tools-for-stm32.10.3-2021.10.macos64_1.0.0.202111181127/tools/bin/../lib/gcc/arm-none-eabi/10.3.1/thumb/v7e-m+fp/hard/libgcc.a(_udivmoddi4.o)
 .ARM.attributes
                0x00000000000008b1       0x1e /Applications/STM32CubeIDE.app/Contents/Eclipse/plugins/com.st.stm32cube.ide.mcu.externaltools.gnu-tools-for-stm32.10.3-2021.10.macos64_1.0.0.202111181127/tools/bin/../lib/gcc/arm-none-eabi/10.3.1/thumb/v7e-m+fp/hard/libgcc.a(_dvmd_tls.o)
 .ARM.attributes
                0x00000000000008cf       0x1e /Applications/STM32CubeIDE.app/Contents/Eclipse/plugins/com.st.stm32cube.ide.mcu.externaltools.gnu-tools-for-stm32.10.3-2021.10.macos64_1.0.0.202111181127/tools/bin/../lib/gcc/arm-none-eabi/10.3.1/thumb/v7e-m+fp/hard/crtn.o
OUTPUT(LogicGates.elf elf32-littlearm)
LOAD linker stubs
LOAD /Applications/STM32CubeIDE.app/Contents/Eclipse/plugins/com.st.stm32cube.ide.mcu.externaltools.gnu-tools-for-stm32.10.3-2021.10.macos64_1.0.0.202111181127/tools/bin/../lib/gcc/arm-none-eabi/10.3.1/../../../../arm-none-eabi/lib/thumb/v7e-m+fp/hard/libc.a
LOAD /Applications/STM32CubeIDE.app/Contents/Eclipse/plugins/com.st.stm32cube.ide.mcu.externaltools.gnu-tools-for-stm32.10.3-2021.10.macos64_1.0.0.202111181127/tools/bin/../lib/gcc/arm-none-eabi/10.3.1/../../../../arm-none-eabi/lib/thumb/v7e-m+fp/hard/libm.a
LOAD /Applications/STM32CubeIDE.app/Contents/Eclipse/plugins/com.st.stm32cube.ide.mcu.externaltools.gnu-tools-for-stm32.10.3-2021.10.macos64_1.0.0.202111181127/tools/bin/../lib/gcc/arm-none-eabi/10.3.1/thumb/v7e-m+fp/hard/libgcc.a

.debug_info     0x0000000000000000    0x1637a
 .debug_info    0x0000000000000000      0x4d7 ./Core/Src/gpio.o
 .debug_info    0x00000000000004d7      0xa40 ./Core/Src/i2c.o
 .debug_info    0x0000000000000f17      0xa80 ./Core/Src/i2s.o
 .debug_info    0x0000000000001997      0x7a9 ./Core/Src/main.o
 .debug_info    0x0000000000002140      0xa0f ./Core/Src/spi.o
 .debug_info    0x0000000000002b4f      0x2e7 ./Core/Src/stm32f4xx_hal_msp.o
 .debug_info    0x0000000000002e36      0x675 ./Core/Src/stm32f4xx_it.o
 .debug_info    0x00000000000034ab      0x171 ./Core/Src/sysmem.o
 .debug_info    0x000000000000361c      0x54f ./Core/Src/system_stm32f4xx.o
 .debug_info    0x0000000000003b6b       0x22 ./Core/Startup/startup_stm32f411vetx.o
 .debug_info    0x0000000000003b8d      0x90d ./Drivers/STM32F4xx_HAL_Driver/Src/stm32f4xx_hal.o
 .debug_info    0x000000000000449a      0xd8b ./Drivers/STM32F4xx_HAL_Driver/Src/stm32f4xx_hal_cortex.o
 .debug_info    0x0000000000005225      0x78e ./Drivers/STM32F4xx_HAL_Driver/Src/stm32f4xx_hal_gpio.o
 .debug_info    0x00000000000059b3     0x10c6 ./Drivers/STM32F4xx_HAL_Driver/Src/stm32f4xx_hal_hcd.o
 .debug_info    0x0000000000006a79     0x260f ./Drivers/STM32F4xx_HAL_Driver/Src/stm32f4xx_hal_i2c.o
 .debug_info    0x0000000000009088      0xeae ./Drivers/STM32F4xx_HAL_Driver/Src/stm32f4xx_hal_i2s.o
 .debug_info    0x0000000000009f36      0xb73 ./Drivers/STM32F4xx_HAL_Driver/Src/stm32f4xx_hal_i2s_ex.o
 .debug_info    0x000000000000aaa9      0x98d ./Drivers/STM32F4xx_HAL_Driver/Src/stm32f4xx_hal_rcc.o
 .debug_info    0x000000000000b436      0x5d9 ./Drivers/STM32F4xx_HAL_Driver/Src/stm32f4xx_hal_rcc_ex.o
 .debug_info    0x000000000000ba0f     0x1750 ./Drivers/STM32F4xx_HAL_Driver/Src/stm32f4xx_hal_spi.o
 .debug_info    0x000000000000d15f     0x1a97 ./Drivers/STM32F4xx_HAL_Driver/Src/stm32f4xx_ll_usb.o
 .debug_info    0x000000000000ebf6     0x150d ./Middlewares/ST/STM32_USB_Host_Library/Class/CDC/Src/usbh_cdc.o
 .debug_info    0x0000000000010103     0x1065 ./Middlewares/ST/STM32_USB_Host_Library/Core/Src/usbh_core.o
 .debug_info    0x0000000000011168     0x1083 ./Middlewares/ST/STM32_USB_Host_Library/Core/Src/usbh_ctlreq.o
 .debug_info    0x00000000000121eb      0xcf6 ./Middlewares/ST/STM32_USB_Host_Library/Core/Src/usbh_ioreq.o
 .debug_info    0x0000000000012ee1      0xb34 ./Middlewares/ST/STM32_USB_Host_Library/Core/Src/usbh_pipes.o
 .debug_info    0x0000000000013a15      0xab3 ./USB_HOST/App/usb_host.o
 .debug_info    0x00000000000144c8     0x1cc9 ./USB_HOST/Target/usbh_conf.o
 .debug_info    0x0000000000016191      0x1e9 ./USB_HOST/Target/usbh_platform.o

.debug_abbrev   0x0000000000000000     0x3c9a
 .debug_abbrev  0x0000000000000000      0x146 ./Core/Src/gpio.o
 .debug_abbrev  0x0000000000000146      0x1e0 ./Core/Src/i2c.o
 .debug_abbrev  0x0000000000000326      0x1e0 ./Core/Src/i2s.o
 .debug_abbrev  0x0000000000000506      0x1f4 ./Core/Src/main.o
 .debug_abbrev  0x00000000000006fa      0x1e0 ./Core/Src/spi.o
 .debug_abbrev  0x00000000000008da       0xf0 ./Core/Src/stm32f4xx_hal_msp.o
 .debug_abbrev  0x00000000000009ca      0x199 ./Core/Src/stm32f4xx_it.o
 .debug_abbrev  0x0000000000000b63       0xbb ./Core/Src/sysmem.o
 .debug_abbrev  0x0000000000000c1e      0x116 ./Core/Src/system_stm32f4xx.o
 .debug_abbrev  0x0000000000000d34       0x12 ./Core/Startup/startup_stm32f411vetx.o
 .debug_abbrev  0x0000000000000d46      0x23e ./Drivers/STM32F4xx_HAL_Driver/Src/stm32f4xx_hal.o
 .debug_abbrev  0x0000000000000f84      0x316 ./Drivers/STM32F4xx_HAL_Driver/Src/stm32f4xx_hal_cortex.o
 .debug_abbrev  0x000000000000129a      0x1c4 ./Drivers/STM32F4xx_HAL_Driver/Src/stm32f4xx_hal_gpio.o
 .debug_abbrev  0x000000000000145e      0x27e ./Drivers/STM32F4xx_HAL_Driver/Src/stm32f4xx_hal_hcd.o
 .debug_abbrev  0x00000000000016dc      0x2a8 ./Drivers/STM32F4xx_HAL_Driver/Src/stm32f4xx_hal_i2c.o
 .debug_abbrev  0x0000000000001984      0x258 ./Drivers/STM32F4xx_HAL_Driver/Src/stm32f4xx_hal_i2s.o
 .debug_abbrev  0x0000000000001bdc      0x289 ./Drivers/STM32F4xx_HAL_Driver/Src/stm32f4xx_hal_i2s_ex.o
 .debug_abbrev  0x0000000000001e65      0x2aa ./Drivers/STM32F4xx_HAL_Driver/Src/stm32f4xx_hal_rcc.o
 .debug_abbrev  0x000000000000210f      0x1a8 ./Drivers/STM32F4xx_HAL_Driver/Src/stm32f4xx_hal_rcc_ex.o
 .debug_abbrev  0x00000000000022b7      0x26e ./Drivers/STM32F4xx_HAL_Driver/Src/stm32f4xx_hal_spi.o
 .debug_abbrev  0x0000000000002525      0x296 ./Drivers/STM32F4xx_HAL_Driver/Src/stm32f4xx_ll_usb.o
 .debug_abbrev  0x00000000000027bb      0x328 ./Middlewares/ST/STM32_USB_Host_Library/Class/CDC/Src/usbh_cdc.o
 .debug_abbrev  0x0000000000002ae3      0x317 ./Middlewares/ST/STM32_USB_Host_Library/Core/Src/usbh_core.o
 .debug_abbrev  0x0000000000002dfa      0x2e6 ./Middlewares/ST/STM32_USB_Host_Library/Core/Src/usbh_ctlreq.o
 .debug_abbrev  0x00000000000030e0      0x232 ./Middlewares/ST/STM32_USB_Host_Library/Core/Src/usbh_ioreq.o
 .debug_abbrev  0x0000000000003312      0x270 ./Middlewares/ST/STM32_USB_Host_Library/Core/Src/usbh_pipes.o
 .debug_abbrev  0x0000000000003582      0x25a ./USB_HOST/App/usb_host.o
 .debug_abbrev  0x00000000000037dc      0x3ac ./USB_HOST/Target/usbh_conf.o
 .debug_abbrev  0x0000000000003b88      0x112 ./USB_HOST/Target/usbh_platform.o

.debug_aranges  0x0000000000000000     0x1188
 .debug_aranges
                0x0000000000000000       0x20 ./Core/Src/gpio.o
 .debug_aranges
                0x0000000000000020       0x30 ./Core/Src/i2c.o
 .debug_aranges
                0x0000000000000050       0x38 ./Core/Src/i2s.o
 .debug_aranges
                0x0000000000000088       0x38 ./Core/Src/main.o
 .debug_aranges
                0x00000000000000c0       0x30 ./Core/Src/spi.o
 .debug_aranges
                0x00000000000000f0       0x20 ./Core/Src/stm32f4xx_hal_msp.o
 .debug_aranges
                0x0000000000000110       0x68 ./Core/Src/stm32f4xx_it.o
 .debug_aranges
                0x0000000000000178       0x20 ./Core/Src/sysmem.o
 .debug_aranges
                0x0000000000000198       0x28 ./Core/Src/system_stm32f4xx.o
 .debug_aranges
                0x00000000000001c0       0x28 ./Core/Startup/startup_stm32f411vetx.o
 .debug_aranges
                0x00000000000001e8       0xf0 ./Drivers/STM32F4xx_HAL_Driver/Src/stm32f4xx_hal.o
 .debug_aranges
                0x00000000000002d8      0x118 ./Drivers/STM32F4xx_HAL_Driver/Src/stm32f4xx_hal_cortex.o
 .debug_aranges
                0x00000000000003f0       0x58 ./Drivers/STM32F4xx_HAL_Driver/Src/stm32f4xx_hal_gpio.o
 .debug_aranges
                0x0000000000000448       0xf8 ./Drivers/STM32F4xx_HAL_Driver/Src/stm32f4xx_hal_hcd.o
 .debug_aranges
                0x0000000000000540      0x2a0 ./Drivers/STM32F4xx_HAL_Driver/Src/stm32f4xx_hal_i2c.o
 .debug_aranges
                0x00000000000007e0      0x108 ./Drivers/STM32F4xx_HAL_Driver/Src/stm32f4xx_hal_i2s.o
 .debug_aranges
                0x00000000000008e8       0x88 ./Drivers/STM32F4xx_HAL_Driver/Src/stm32f4xx_hal_i2s_ex.o
 .debug_aranges
                0x0000000000000970       0x88 ./Drivers/STM32F4xx_HAL_Driver/Src/stm32f4xx_hal_rcc.o
 .debug_aranges
                0x00000000000009f8       0x50 ./Drivers/STM32F4xx_HAL_Driver/Src/stm32f4xx_hal_rcc_ex.o
 .debug_aranges
                0x0000000000000a48      0x1d0 ./Drivers/STM32F4xx_HAL_Driver/Src/stm32f4xx_hal_spi.o
 .debug_aranges
                0x0000000000000c18      0x1a0 ./Drivers/STM32F4xx_HAL_Driver/Src/stm32f4xx_ll_usb.o
 .debug_aranges
                0x0000000000000db8       0xa8 ./Middlewares/ST/STM32_USB_Host_Library/Class/CDC/Src/usbh_cdc.o
 .debug_aranges
                0x0000000000000e60       0xc0 ./Middlewares/ST/STM32_USB_Host_Library/Core/Src/usbh_core.o
 .debug_aranges
                0x0000000000000f20       0xa0 ./Middlewares/ST/STM32_USB_Host_Library/Core/Src/usbh_ctlreq.o
 .debug_aranges
                0x0000000000000fc0       0x60 ./Middlewares/ST/STM32_USB_Host_Library/Core/Src/usbh_ioreq.o
 .debug_aranges
                0x0000000000001020       0x40 ./Middlewares/ST/STM32_USB_Host_Library/Core/Src/usbh_pipes.o
 .debug_aranges
                0x0000000000001060       0x30 ./USB_HOST/App/usb_host.o
 .debug_aranges
                0x0000000000001090       0xd8 ./USB_HOST/Target/usbh_conf.o
 .debug_aranges
                0x0000000000001168       0x20 ./USB_HOST/Target/usbh_platform.o

.debug_ranges   0x0000000000000000      0xfd8
 .debug_ranges  0x0000000000000000       0x10 ./Core/Src/gpio.o
 .debug_ranges  0x0000000000000010       0x20 ./Core/Src/i2c.o
 .debug_ranges  0x0000000000000030       0x28 ./Core/Src/i2s.o
 .debug_ranges  0x0000000000000058       0x28 ./Core/Src/main.o
 .debug_ranges  0x0000000000000080       0x20 ./Core/Src/spi.o
 .debug_ranges  0x00000000000000a0       0x10 ./Core/Src/stm32f4xx_hal_msp.o
 .debug_ranges  0x00000000000000b0       0x58 ./Core/Src/stm32f4xx_it.o
 .debug_ranges  0x0000000000000108       0x10 ./Core/Src/sysmem.o
 .debug_ranges  0x0000000000000118       0x18 ./Core/Src/system_stm32f4xx.o
 .debug_ranges  0x0000000000000130       0x20 ./Core/Startup/startup_stm32f411vetx.o
 .debug_ranges  0x0000000000000150       0xe0 ./Drivers/STM32F4xx_HAL_Driver/Src/stm32f4xx_hal.o
 .debug_ranges  0x0000000000000230      0x108 ./Drivers/STM32F4xx_HAL_Driver/Src/stm32f4xx_hal_cortex.o
 .debug_ranges  0x0000000000000338       0x48 ./Drivers/STM32F4xx_HAL_Driver/Src/stm32f4xx_hal_gpio.o
 .debug_ranges  0x0000000000000380       0xe8 ./Drivers/STM32F4xx_HAL_Driver/Src/stm32f4xx_hal_hcd.o
 .debug_ranges  0x0000000000000468      0x2a8 ./Drivers/STM32F4xx_HAL_Driver/Src/stm32f4xx_hal_i2c.o
 .debug_ranges  0x0000000000000710       0xf8 ./Drivers/STM32F4xx_HAL_Driver/Src/stm32f4xx_hal_i2s.o
 .debug_ranges  0x0000000000000808       0x78 ./Drivers/STM32F4xx_HAL_Driver/Src/stm32f4xx_hal_i2s_ex.o
 .debug_ranges  0x0000000000000880       0x78 ./Drivers/STM32F4xx_HAL_Driver/Src/stm32f4xx_hal_rcc.o
 .debug_ranges  0x00000000000008f8       0x40 ./Drivers/STM32F4xx_HAL_Driver/Src/stm32f4xx_hal_rcc_ex.o
 .debug_ranges  0x0000000000000938      0x1c0 ./Drivers/STM32F4xx_HAL_Driver/Src/stm32f4xx_hal_spi.o
 .debug_ranges  0x0000000000000af8      0x190 ./Drivers/STM32F4xx_HAL_Driver/Src/stm32f4xx_ll_usb.o
 .debug_ranges  0x0000000000000c88       0x98 ./Middlewares/ST/STM32_USB_Host_Library/Class/CDC/Src/usbh_cdc.o
 .debug_ranges  0x0000000000000d20       0xb0 ./Middlewares/ST/STM32_USB_Host_Library/Core/Src/usbh_core.o
 .debug_ranges  0x0000000000000dd0       0x90 ./Middlewares/ST/STM32_USB_Host_Library/Core/Src/usbh_ctlreq.o
 .debug_ranges  0x0000000000000e60       0x50 ./Middlewares/ST/STM32_USB_Host_Library/Core/Src/usbh_ioreq.o
 .debug_ranges  0x0000000000000eb0       0x30 ./Middlewares/ST/STM32_USB_Host_Library/Core/Src/usbh_pipes.o
 .debug_ranges  0x0000000000000ee0       0x20 ./USB_HOST/App/usb_host.o
 .debug_ranges  0x0000000000000f00       0xc8 ./USB_HOST/Target/usbh_conf.o
 .debug_ranges  0x0000000000000fc8       0x10 ./USB_HOST/Target/usbh_platform.o

.debug_macro    0x0000000000000000    0x1951a
 .debug_macro   0x0000000000000000      0x21e ./Core/Src/gpio.o
 .debug_macro   0x000000000000021e      0xa78 ./Core/Src/gpio.o
 .debug_macro   0x0000000000000c96      0x2a7 ./Core/Src/gpio.o
 .debug_macro   0x0000000000000f3d       0x2e ./Core/Src/gpio.o
 .debug_macro   0x0000000000000f6b       0x28 ./Core/Src/gpio.o
 .debug_macro   0x0000000000000f93       0x22 ./Core/Src/gpio.o
 .debug_macro   0x0000000000000fb5       0x8e ./Core/Src/gpio.o
 .debug_macro   0x0000000000001043       0x51 ./Core/Src/gpio.o
 .debug_macro   0x0000000000001094      0x103 ./Core/Src/gpio.o
 .debug_macro   0x0000000000001197       0x6a ./Core/Src/gpio.o
 .debug_macro   0x0000000000001201      0x1df ./Core/Src/gpio.o
 .debug_macro   0x00000000000013e0       0x1c ./Core/Src/gpio.o
 .debug_macro   0x00000000000013fc       0x22 ./Core/Src/gpio.o
 .debug_macro   0x000000000000141e       0xd9 ./Core/Src/gpio.o
 .debug_macro   0x00000000000014f7     0x102d ./Core/Src/gpio.o
 .debug_macro   0x0000000000002524      0x11f ./Core/Src/gpio.o
 .debug_macro   0x0000000000002643     0xb953 ./Core/Src/gpio.o
 .debug_macro   0x000000000000df96       0x6d ./Core/Src/gpio.o
 .debug_macro   0x000000000000e003     0x367e ./Core/Src/gpio.o
 .debug_macro   0x0000000000011681      0x174 ./Core/Src/gpio.o
 .debug_macro   0x00000000000117f5       0x5c ./Core/Src/gpio.o
 .debug_macro   0x0000000000011851      0x447 ./Core/Src/gpio.o
 .debug_macro   0x0000000000011c98      0x9fe ./Core/Src/gpio.o
 .debug_macro   0x0000000000012696      0x115 ./Core/Src/gpio.o
 .debug_macro   0x00000000000127ab      0x11b ./Core/Src/gpio.o
 .debug_macro   0x00000000000128c6       0xa5 ./Core/Src/gpio.o
 .debug_macro   0x000000000001296b      0x15f ./Core/Src/gpio.o
 .debug_macro   0x0000000000012aca      0x287 ./Core/Src/gpio.o
 .debug_macro   0x0000000000012d51       0x5f ./Core/Src/gpio.o
 .debug_macro   0x0000000000012db0      0x236 ./Core/Src/gpio.o
 .debug_macro   0x0000000000012fe6      0x132 ./Core/Src/gpio.o
 .debug_macro   0x0000000000013118      0x264 ./Core/Src/gpio.o
 .debug_macro   0x000000000001337c       0x2e ./Core/Src/gpio.o
 .debug_macro   0x00000000000133aa      0x1b5 ./Core/Src/gpio.o
 .debug_macro   0x000000000001355f       0x22 ./Core/Src/gpio.o
 .debug_macro   0x0000000000013581       0xd6 ./Core/Src/gpio.o
 .debug_macro   0x0000000000013657      0x1a7 ./Core/Src/gpio.o
 .debug_macro   0x00000000000137fe       0x46 ./Core/Src/gpio.o
 .debug_macro   0x0000000000013844       0x4a ./Core/Src/gpio.o
 .debug_macro   0x000000000001388e      0x11a ./Core/Src/gpio.o
 .debug_macro   0x00000000000139a8       0x85 ./Core/Src/gpio.o
 .debug_macro   0x0000000000013a2d       0x89 ./Core/Src/gpio.o
 .debug_macro   0x0000000000013ab6      0x225 ./Core/Src/gpio.o
 .debug_macro   0x0000000000013cdb      0x248 ./Core/Src/gpio.o
 .debug_macro   0x0000000000013f23       0x7c ./Core/Src/gpio.o
 .debug_macro   0x0000000000013f9f      0x126 ./Core/Src/gpio.o
 .debug_macro   0x00000000000140c5      0x19c ./Core/Src/gpio.o
 .debug_macro   0x0000000000014261      0x21e ./Core/Src/i2c.o
 .debug_macro   0x000000000001447f      0x21e ./Core/Src/i2s.o
 .debug_macro   0x000000000001469d      0x24a ./Core/Src/main.o
 .debug_macro   0x00000000000148e7      0x21e ./Core/Src/spi.o
 .debug_macro   0x0000000000014b05      0x214 ./Core/Src/stm32f4xx_hal_msp.o
 .debug_macro   0x0000000000014d19      0x21e ./Core/Src/stm32f4xx_it.o
 .debug_macro   0x0000000000014f37       0xff ./Core/Src/sysmem.o
 .debug_macro   0x0000000000015036      0x23b ./Core/Src/sysmem.o
 .debug_macro   0x0000000000015271      0x205 ./Core/Src/system_stm32f4xx.o
 .debug_macro   0x0000000000015476      0x265 ./Drivers/STM32F4xx_HAL_Driver/Src/stm32f4xx_hal.o
 .debug_macro   0x00000000000156db      0x205 ./Drivers/STM32F4xx_HAL_Driver/Src/stm32f4xx_hal_cortex.o
 .debug_macro   0x00000000000158e0      0x20b ./Drivers/STM32F4xx_HAL_Driver/Src/stm32f4xx_hal_gpio.o
 .debug_macro   0x0000000000015aeb      0x205 ./Drivers/STM32F4xx_HAL_Driver/Src/stm32f4xx_hal_hcd.o
 .debug_macro   0x0000000000015cf0      0x24c ./Drivers/STM32F4xx_HAL_Driver/Src/stm32f4xx_hal_i2c.o
 .debug_macro   0x0000000000015f3c      0x20d ./Drivers/STM32F4xx_HAL_Driver/Src/stm32f4xx_hal_i2s.o
 .debug_macro   0x0000000000016149      0x205 ./Drivers/STM32F4xx_HAL_Driver/Src/stm32f4xx_hal_i2s_ex.o
 .debug_macro   0x000000000001634e      0x229 ./Drivers/STM32F4xx_HAL_Driver/Src/stm32f4xx_hal_rcc.o
 .debug_macro   0x0000000000016577      0x205 ./Drivers/STM32F4xx_HAL_Driver/Src/stm32f4xx_hal_rcc_ex.o
 .debug_macro   0x000000000001677c      0x214 ./Drivers/STM32F4xx_HAL_Driver/Src/stm32f4xx_hal_spi.o
 .debug_macro   0x0000000000016990      0x205 ./Drivers/STM32F4xx_HAL_Driver/Src/stm32f4xx_ll_usb.o
 .debug_macro   0x0000000000016b95      0x433 ./Middlewares/ST/STM32_USB_Host_Library/Class/CDC/Src/usbh_cdc.o
 .debug_macro   0x0000000000016fc8       0x16 ./Middlewares/ST/STM32_USB_Host_Library/Class/CDC/Src/usbh_cdc.o
 .debug_macro   0x0000000000016fde       0x97 ./Middlewares/ST/STM32_USB_Host_Library/Class/CDC/Src/usbh_cdc.o
 .debug_macro   0x0000000000017075       0xfd ./Middlewares/ST/STM32_USB_Host_Library/Class/CDC/Src/usbh_cdc.o
 .debug_macro   0x0000000000017172       0x16 ./Middlewares/ST/STM32_USB_Host_Library/Class/CDC/Src/usbh_cdc.o
 .debug_macro   0x0000000000017188       0x20 ./Middlewares/ST/STM32_USB_Host_Library/Class/CDC/Src/usbh_cdc.o
 .debug_macro   0x00000000000171a8       0x56 ./Middlewares/ST/STM32_USB_Host_Library/Class/CDC/Src/usbh_cdc.o
 .debug_macro   0x00000000000171fe       0x73 ./Middlewares/ST/STM32_USB_Host_Library/Class/CDC/Src/usbh_cdc.o
 .debug_macro   0x0000000000017271      0x233 ./Middlewares/ST/STM32_USB_Host_Library/Class/CDC/Src/usbh_cdc.o
 .debug_macro   0x00000000000174a4       0x2e ./Middlewares/ST/STM32_USB_Host_Library/Class/CDC/Src/usbh_cdc.o
 .debug_macro   0x00000000000174d2       0x2e ./Middlewares/ST/STM32_USB_Host_Library/Class/CDC/Src/usbh_cdc.o
 .debug_macro   0x0000000000017500       0x28 ./Middlewares/ST/STM32_USB_Host_Library/Class/CDC/Src/usbh_cdc.o
 .debug_macro   0x0000000000017528      0x15c ./Middlewares/ST/STM32_USB_Host_Library/Class/CDC/Src/usbh_cdc.o
 .debug_macro   0x0000000000017684      0x430 ./Middlewares/ST/STM32_USB_Host_Library/Core/Src/usbh_core.o
 .debug_macro   0x0000000000017ab4      0x428 ./Middlewares/ST/STM32_USB_Host_Library/Core/Src/usbh_ctlreq.o
 .debug_macro   0x0000000000017edc       0x28 ./Middlewares/ST/STM32_USB_Host_Library/Core/Src/usbh_ctlreq.o
 .debug_macro   0x0000000000017f04      0x422 ./Middlewares/ST/STM32_USB_Host_Library/Core/Src/usbh_ioreq.o
 .debug_macro   0x0000000000018326      0x422 ./Middlewares/ST/STM32_USB_Host_Library/Core/Src/usbh_pipes.o
 .debug_macro   0x0000000000018748      0x431 ./USB_HOST/App/usb_host.o
 .debug_macro   0x0000000000018b79       0x52 ./USB_HOST/App/usb_host.o
 .debug_macro   0x0000000000018bcb      0x1a2 ./USB_HOST/App/usb_host.o
 .debug_macro   0x0000000000018d6d      0x162 ./USB_HOST/App/usb_host.o
 .debug_macro   0x0000000000018ecf      0x432 ./USB_HOST/Target/usbh_conf.o
 .debug_macro   0x0000000000019301      0x219 ./USB_HOST/Target/usbh_platform.o

.debug_line     0x0000000000000000    0x19367
 .debug_line    0x0000000000000000      0x79a ./Core/Src/gpio.o
 .debug_line    0x000000000000079a      0x7ae ./Core/Src/i2c.o
 .debug_line    0x0000000000000f48      0x848 ./Core/Src/i2s.o
 .debug_line    0x0000000000001790      0x892 ./Core/Src/main.o
 .debug_line    0x0000000000002022      0x7b6 ./Core/Src/spi.o
 .debug_line    0x00000000000027d8      0x745 ./Core/Src/stm32f4xx_hal_msp.o
 .debug_line    0x0000000000002f1d      0x81f ./Core/Src/stm32f4xx_it.o
 .debug_line    0x000000000000373c      0x521 ./Core/Src/sysmem.o
 .debug_line    0x0000000000003c5d      0x7c6 ./Core/Src/system_stm32f4xx.o
 .debug_line    0x0000000000004423       0x88 ./Core/Startup/startup_stm32f411vetx.o
 .debug_line    0x00000000000044ab      0xa2c ./Drivers/STM32F4xx_HAL_Driver/Src/stm32f4xx_hal.o
 .debug_line    0x0000000000004ed7      0xcdb ./Drivers/STM32F4xx_HAL_Driver/Src/stm32f4xx_hal_cortex.o
 .debug_line    0x0000000000005bb2      0xb64 ./Drivers/STM32F4xx_HAL_Driver/Src/stm32f4xx_hal_gpio.o
 .debug_line    0x0000000000006716     0x1229 ./Drivers/STM32F4xx_HAL_Driver/Src/stm32f4xx_hal_hcd.o
 .debug_line    0x000000000000793f     0x39e1 ./Drivers/STM32F4xx_HAL_Driver/Src/stm32f4xx_hal_i2c.o
 .debug_line    0x000000000000b320     0x13c5 ./Drivers/STM32F4xx_HAL_Driver/Src/stm32f4xx_hal_i2s.o
 .debug_line    0x000000000000c6e5     0x14c4 ./Drivers/STM32F4xx_HAL_Driver/Src/stm32f4xx_hal_i2s_ex.o
 .debug_line    0x000000000000dba9      0xda8 ./Drivers/STM32F4xx_HAL_Driver/Src/stm32f4xx_hal_rcc.o
 .debug_line    0x000000000000e951      0xa86 ./Drivers/STM32F4xx_HAL_Driver/Src/stm32f4xx_hal_rcc_ex.o
 .debug_line    0x000000000000f3d7     0x1cb6 ./Drivers/STM32F4xx_HAL_Driver/Src/stm32f4xx_hal_spi.o
 .debug_line    0x000000000001108d     0x1ae9 ./Drivers/STM32F4xx_HAL_Driver/Src/stm32f4xx_ll_usb.o
 .debug_line    0x0000000000012b76      0xf63 ./Middlewares/ST/STM32_USB_Host_Library/Class/CDC/Src/usbh_cdc.o
 .debug_line    0x0000000000013ad9     0x11df ./Middlewares/ST/STM32_USB_Host_Library/Core/Src/usbh_core.o
 .debug_line    0x0000000000014cb8     0x10a2 ./Middlewares/ST/STM32_USB_Host_Library/Core/Src/usbh_ctlreq.o
 .debug_line    0x0000000000015d5a      0xb3b ./Middlewares/ST/STM32_USB_Host_Library/Core/Src/usbh_ioreq.o
 .debug_line    0x0000000000016895      0xae5 ./Middlewares/ST/STM32_USB_Host_Library/Core/Src/usbh_pipes.o
 .debug_line    0x000000000001737a      0xacf ./USB_HOST/App/usb_host.o
 .debug_line    0x0000000000017e49      0xda7 ./USB_HOST/Target/usbh_conf.o
 .debug_line    0x0000000000018bf0      0x777 ./USB_HOST/Target/usbh_platform.o

.debug_str      0x0000000000000000    0x8e843
 .debug_str     0x0000000000000000    0x83565 ./Core/Src/gpio.o
                                      0x83804 (size before relaxing)
 .debug_str     0x0000000000083565      0x540 ./Core/Src/i2c.o
                                      0x83d38 (size before relaxing)
 .debug_str     0x0000000000083aa5      0x20f ./Core/Src/i2s.o
                                      0x83c93 (size before relaxing)
 .debug_str     0x0000000000083cb4      0x29b ./Core/Src/main.o
                                      0x83ae4 (size before relaxing)
 .debug_str     0x0000000000083f4f      0x192 ./Core/Src/spi.o
                                      0x83c90 (size before relaxing)
 .debug_str     0x00000000000840e1       0x49 ./Core/Src/stm32f4xx_hal_msp.o
                                      0x83756 (size before relaxing)
 .debug_str     0x000000000008412a      0x45c ./Core/Src/stm32f4xx_it.o
                                      0x83b17 (size before relaxing)
 .debug_str     0x0000000000084586     0x1e75 ./Core/Src/sysmem.o
                                       0x5db9 (size before relaxing)
 .debug_str     0x00000000000863fb       0xdb ./Core/Src/system_stm32f4xx.o
                                      0x83147 (size before relaxing)
 .debug_str     0x00000000000864d6       0x36 ./Core/Startup/startup_stm32f411vetx.o
                                         0x7b (size before relaxing)
 .debug_str     0x000000000008650c      0x991 ./Drivers/STM32F4xx_HAL_Driver/Src/stm32f4xx_hal.o
                                      0x83b73 (size before relaxing)
 .debug_str     0x0000000000086e9d      0x34d ./Drivers/STM32F4xx_HAL_Driver/Src/stm32f4xx_hal_cortex.o
                                      0x83894 (size before relaxing)
 .debug_str     0x00000000000871ea      0x121 ./Drivers/STM32F4xx_HAL_Driver/Src/stm32f4xx_hal_gpio.o
                                      0x832c2 (size before relaxing)
 .debug_str     0x000000000008730b      0x545 ./Drivers/STM32F4xx_HAL_Driver/Src/stm32f4xx_hal_hcd.o
                                      0x83912 (size before relaxing)
 .debug_str     0x0000000000087850      0xaf7 ./Drivers/STM32F4xx_HAL_Driver/Src/stm32f4xx_hal_i2c.o
                                      0x84105 (size before relaxing)
 .debug_str     0x0000000000088347      0x2bd ./Drivers/STM32F4xx_HAL_Driver/Src/stm32f4xx_hal_i2s.o
                                      0x83726 (size before relaxing)
 .debug_str     0x0000000000088604      0x1d1 ./Drivers/STM32F4xx_HAL_Driver/Src/stm32f4xx_hal_i2s_ex.o